Archive member included to satisfy reference by file (symbol)

d:/apps/nxp/s32ds.for.arm/s32ds/build_tools/gcc_v6.3/gcc-6.3-arm32-eabi/bin/../lib/gcc/arm-none-eabi/6.3.1/thumb/v7e-m/fpv4-sp/hard\libgcc.a(_aeabi_uldivmod.o)
                              ./SDK/rtos/osif/osif_freertos.o (__aeabi_uldivmod)
d:/apps/nxp/s32ds.for.arm/s32ds/build_tools/gcc_v6.3/gcc-6.3-arm32-eabi/bin/../lib/gcc/arm-none-eabi/6.3.1/thumb/v7e-m/fpv4-sp/hard\libgcc.a(_udivmoddi4.o)
                              d:/apps/nxp/s32ds.for.arm/s32ds/build_tools/gcc_v6.3/gcc-6.3-arm32-eabi/bin/../lib/gcc/arm-none-eabi/6.3.1/thumb/v7e-m/fpv4-sp/hard\libgcc.a(_aeabi_uldivmod.o) (__udivmoddi4)
d:/apps/nxp/s32ds.for.arm/s32ds/build_tools/gcc_v6.3/gcc-6.3-arm32-eabi/bin/../lib/gcc/arm-none-eabi/6.3.1/thumb/v7e-m/fpv4-sp/hard\libgcc.a(_dvmd_tls.o)
                              d:/apps/nxp/s32ds.for.arm/s32ds/build_tools/gcc_v6.3/gcc-6.3-arm32-eabi/bin/../lib/gcc/arm-none-eabi/6.3.1/thumb/v7e-m/fpv4-sp/hard\libgcc.a(_aeabi_uldivmod.o) (__aeabi_ldiv0)
D:/Apps/NXP/S32DS.for.Arm/S32DS/build_tools/gcc_v6.3/gcc-6.3-arm32-eabi/arm-none-eabi/newlib/lib/thumb/v7e-m/fpv4-sp/hard\libc_nano.a(lib_a-exit.o)
                              D:/Apps/NXP/S32DS.for.Arm/S32DS/build_tools/gcc_v6.3/gcc-6.3-arm32-eabi/arm-none-eabi/newlib/lib/thumb/v7e-m/fpv4-sp/hard/crt0.o (exit)
D:/Apps/NXP/S32DS.for.Arm/S32DS/build_tools/gcc_v6.3/gcc-6.3-arm32-eabi/arm-none-eabi/newlib/lib/thumb/v7e-m/fpv4-sp/hard\libc_nano.a(lib_a-impure.o)
                              D:/Apps/NXP/S32DS.for.Arm/S32DS/build_tools/gcc_v6.3/gcc-6.3-arm32-eabi/arm-none-eabi/newlib/lib/thumb/v7e-m/fpv4-sp/hard\libc_nano.a(lib_a-exit.o) (_global_impure_ptr)
D:/Apps/NXP/S32DS.for.Arm/S32DS/build_tools/gcc_v6.3/gcc-6.3-arm32-eabi/arm-none-eabi/newlib/lib/thumb/v7e-m/fpv4-sp/hard\libc_nano.a(lib_a-init.o)
                              D:/Apps/NXP/S32DS.for.Arm/S32DS/build_tools/gcc_v6.3/gcc-6.3-arm32-eabi/arm-none-eabi/newlib/lib/thumb/v7e-m/fpv4-sp/hard/crt0.o (__libc_init_array)
D:/Apps/NXP/S32DS.for.Arm/S32DS/build_tools/gcc_v6.3/gcc-6.3-arm32-eabi/arm-none-eabi/newlib/lib/thumb/v7e-m/fpv4-sp/hard\libc_nano.a(lib_a-memcpy-stub.o)
                              ./SDK/rtos/FreeRTOS_S32K/Source/queue.o (memcpy)
D:/Apps/NXP/S32DS.for.Arm/S32DS/build_tools/gcc_v6.3/gcc-6.3-arm32-eabi/arm-none-eabi/newlib/lib/thumb/v7e-m/fpv4-sp/hard\libc_nano.a(lib_a-memset.o)
                              D:/Apps/NXP/S32DS.for.Arm/S32DS/build_tools/gcc_v6.3/gcc-6.3-arm32-eabi/arm-none-eabi/newlib/lib/thumb/v7e-m/fpv4-sp/hard/crt0.o (memset)
D:/Apps/NXP/S32DS.for.Arm/S32DS/build_tools/gcc_v6.3/gcc-6.3-arm32-eabi/arm-none-eabi/newlib/lib/thumb/v7e-m/fpv4-sp/hard\libc_nano.a(lib_a-strlen.o)
                              ./SDK/rtos/FreeRTOS_S32K/Source/tasks.o (strlen)
D:/Apps/NXP/S32DS.for.Arm/S32DS/build_tools/gcc_v6.3/gcc-6.3-arm32-eabi/arm-none-eabi/newlib/lib/thumb/v7e-m/fpv4-sp/hard\libc_nano.a(lib_a-vsprintf.o)
                              ./SDK_Pinzhi/uart.o (vsprintf)
D:/Apps/NXP/S32DS.for.Arm/S32DS/build_tools/gcc_v6.3/gcc-6.3-arm32-eabi/arm-none-eabi/newlib/lib/thumb/v7e-m/fpv4-sp/hard\libc_nano.a(lib_a-nano-svfprintf.o)
                              D:/Apps/NXP/S32DS.for.Arm/S32DS/build_tools/gcc_v6.3/gcc-6.3-arm32-eabi/arm-none-eabi/newlib/lib/thumb/v7e-m/fpv4-sp/hard\libc_nano.a(lib_a-vsprintf.o) (_svfprintf_r)
D:/Apps/NXP/S32DS.for.Arm/S32DS/build_tools/gcc_v6.3/gcc-6.3-arm32-eabi/arm-none-eabi/newlib/lib/thumb/v7e-m/fpv4-sp/hard\libc_nano.a(lib_a-nano-vfprintf_i.o)
                              D:/Apps/NXP/S32DS.for.Arm/S32DS/build_tools/gcc_v6.3/gcc-6.3-arm32-eabi/arm-none-eabi/newlib/lib/thumb/v7e-m/fpv4-sp/hard\libc_nano.a(lib_a-nano-svfprintf.o) (_printf_i)
D:/Apps/NXP/S32DS.for.Arm/S32DS/build_tools/gcc_v6.3/gcc-6.3-arm32-eabi/arm-none-eabi/newlib/lib/thumb/v7e-m/fpv4-sp/hard\libc_nano.a(lib_a-memchr.o)
                              D:/Apps/NXP/S32DS.for.Arm/S32DS/build_tools/gcc_v6.3/gcc-6.3-arm32-eabi/arm-none-eabi/newlib/lib/thumb/v7e-m/fpv4-sp/hard\libc_nano.a(lib_a-nano-svfprintf.o) (memchr)
D:/Apps/NXP/S32DS.for.Arm/S32DS/build_tools/gcc_v6.3/gcc-6.3-arm32-eabi/arm-none-eabi/newlib/lib/thumb/v7e-m/fpv4-sp/hard\libc_nano.a(lib_a-memmove.o)
                              D:/Apps/NXP/S32DS.for.Arm/S32DS/build_tools/gcc_v6.3/gcc-6.3-arm32-eabi/arm-none-eabi/newlib/lib/thumb/v7e-m/fpv4-sp/hard\libc_nano.a(lib_a-nano-svfprintf.o) (memmove)
D:/Apps/NXP/S32DS.for.Arm/S32DS/build_tools/gcc_v6.3/gcc-6.3-arm32-eabi/arm-none-eabi/newlib/lib/thumb/v7e-m/fpv4-sp/hard\libc_nano.a(lib_a-nano-freer.o)
                              D:/Apps/NXP/S32DS.for.Arm/S32DS/build_tools/gcc_v6.3/gcc-6.3-arm32-eabi/arm-none-eabi/newlib/lib/thumb/v7e-m/fpv4-sp/hard\libc_nano.a(lib_a-nano-svfprintf.o) (_free_r)
D:/Apps/NXP/S32DS.for.Arm/S32DS/build_tools/gcc_v6.3/gcc-6.3-arm32-eabi/arm-none-eabi/newlib/lib/thumb/v7e-m/fpv4-sp/hard\libc_nano.a(lib_a-nano-mallocr.o)
[...]
Memory Configuration

Name             Origin             Length             Attributes
m_interrupts     0x00000000         0x00000400         xr
m_flash_config   0x00000400         0x00000010         xr
m_text           0x00000410         0x0017fbf0         xr
m_data           0x1ffe0000         0x00020000         rw
m_data_2         0x20000000         0x0001f000         rw
*default*        0x00000000         0xffffffff

Linker script and memory map

LOAD d:/apps/nxp/s32ds.for.arm/s32ds/build_tools/gcc_v6.3/gcc-6.3-arm32-eabi/bin/../lib/gcc/arm-none-eabi/6.3.1/thumb/v7e-m/fpv4-sp/hard/crti.o
LOAD d:/apps/nxp/s32ds.for.arm/s32ds/build_tools/gcc_v6.3/gcc-6.3-arm32-eabi/bin/../lib/gcc/arm-none-eabi/6.3.1/thumb/v7e-m/fpv4-sp/hard/crtbegin.o
LOAD D:/Apps/NXP/S32DS.for.Arm/S32DS/build_tools/gcc_v6.3/gcc-6.3-arm32-eabi/arm-none-eabi/newlib/lib/thumb/v7e-m/fpv4-sp/hard/crt0.o
LOAD ./Generated_Code/Cpu.o
LOAD ./Generated_Code/clockMan1.o
LOAD ./Generated_Code/dmaController1.o
LOAD ./Generated_Code/lpuart1.o
LOAD ./Generated_Code/pin_mux.o
LOAD ./Project_Settings/Startup_Code/startup_S32K148.o
LOAD ./SDK/platform/devices/S32K148/startup/system_S32K148.o
LOAD ./SDK/platform/devices/startup.o
LOAD ./SDK/platform/drivers/src/clock/S32K1xx/clock_S32K1xx.o
LOAD ./SDK/platform/drivers/src/edma/edma_driver.o
LOAD ./SDK/platform/drivers/src/edma/edma_hw_access.o
LOAD ./SDK/platform/drivers/src/edma/edma_irq.o
LOAD ./SDK/platform/drivers/src/interrupt/interrupt_manager.o
LOAD ./SDK/platform/drivers/src/lpuart/lpuart_driver.o
LOAD ./SDK/platform/drivers/src/lpuart/lpuart_hw_access.o
LOAD ./SDK/platform/drivers/src/lpuart/lpuart_irq.o
LOAD ./SDK/platform/drivers/src/pins/pins_driver.o
LOAD ./SDK/platform/drivers/src/pins/pins_port_hw_access.o
LOAD ./SDK/rtos/FreeRTOS_S32K/Source/croutine.o
LOAD ./SDK/rtos/FreeRTOS_S32K/Source/event_groups.o
LOAD ./SDK/rtos/FreeRTOS_S32K/Source/list.o
LOAD ./SDK/rtos/FreeRTOS_S32K/Source/queue.o
LOAD ./SDK/rtos/FreeRTOS_S32K/Source/stream_buffer.o
LOAD ./SDK/rtos/FreeRTOS_S32K/Source/tasks.o
LOAD ./SDK/rtos/FreeRTOS_S32K/Source/timers.o
LOAD ./SDK/rtos/FreeRTOS_S32K/Source/portable/GCC/ARM_CM4F/port.o
LOAD ./SDK/rtos/FreeRTOS_S32K/Source/portable/MemMang/heap_2.o
LOAD ./SDK/rtos/osif/osif_freertos.o
LOAD ./SDK_Pinzhi/delay.o
LOAD ./SDK_Pinzhi/key.o
LOAD ./SDK_Pinzhi/rtos.o
LOAD ./SDK_Pinzhi/uart.o
LOAD ./Sources/main.o
LOAD ./src/MyTask.o
START GROUP
LOAD d:/apps/nxp/s32ds.for.arm/s32ds/build_tools/gcc_v6.3/gcc-6.3-arm32-eabi/bin/../lib/gcc/arm-none-eabi/6.3.1/thumb/v7e-m/fpv4-sp/hard\libgcc.a
LOAD D:/Apps/NXP/S32DS.for.Arm/S32DS/build_tools/gcc_v6.3/gcc-6.3-arm32-eabi/arm-none-eabi/newlib/lib/thumb/v7e-m/fpv4-sp/hard\libc_nano.a
END GROUP
START GROUP
LOAD d:/apps/nxp/s32ds.for.arm/s32ds/build_tools/gcc_v6.3/gcc-6.3-arm32-eabi/bin/../lib/gcc/arm-none-eabi/6.3.1/thumb/v7e-m/fpv4-sp/hard\libgcc.a
LOAD D:/Apps/NXP/S32DS.for.Arm/S32DS/build_tools/gcc_v6.3/gcc-6.3-arm32-eabi/arm-none-eabi/newlib/lib/thumb/v7e-m/fpv4-sp/hard\libc_nano.a
LOAD D:/Apps/NXP/S32DS.for.Arm/S32DS/build_tools/gcc_v6.3/gcc-6.3-arm32-eabi/arm-none-eabi/newlib/lib/thumb/v7e-m/fpv4-sp/hard\libnosys.a
END GROUP
START GROUP
LOAD d:/apps/nxp/s32ds.for.arm/s32ds/build_tools/gcc_v6.3/gcc-6.3-arm32-eabi/bin/../lib/gcc/arm-none-eabi/6.3.1/thumb/v7e-m/fpv4-sp/hard\libgcc.a
LOAD D:/Apps/NXP/S32DS.for.Arm/S32DS/build_tools/gcc_v6.3/gcc-6.3-arm32-eabi/arm-none-eabi/newlib/lib/thumb/v7e-m/fpv4-sp/hard\libc_nano.a
LOAD D:/Apps/NXP/S32DS.for.Arm/S32DS/build_tools/gcc_v6.3/gcc-6.3-arm32-eabi/arm-none-eabi/newlib/lib/thumb/v7e-m/fpv4-sp/hard\libnosys.a
END GROUP
LOAD d:/apps/nxp/s32ds.for.arm/s32ds/build_tools/gcc_v6.3/gcc-6.3-arm32-eabi/bin/../lib/gcc/arm-none-eabi/6.3.1/thumb/v7e-m/fpv4-sp/hard/crtend.o
LOAD d:/apps/nxp/s32ds.for.arm/s32ds/build_tools/gcc_v6.3/gcc-6.3-arm32-eabi/bin/../lib/gcc/arm-none-eabi/6.3.1/thumb/v7e-m/fpv4-sp/hard/crtn.o
                0x00000400                HEAP_SIZE = DEFINED (__heap_size__)?__heap_size__:0x400
                0x00000400                STACK_SIZE = DEFINED (__stack_size__)?__stack_size__:0x400
                0x00000400                M_VECTOR_RAM_SIZE = DEFINED (__flash_vector_table__)?0x0:0x400

.interrupts     0x00000000      0x400
                0x00000000                __VECTOR_TABLE = .
                0x00000000                __interrupts_start__ = .
                0x00000000                . = ALIGN (0x4)
 *(.isr_vector)
 .isr_vector    0x00000000      0x400 ./Project_Settings/Startup_Code/startup_S32K148.o
                0x00000000                __isr_vector
                0x00000400                __interrupts_end__ = .
                0x00000400                . = ALIGN (0x4)

.flash_config   0x00000400       0x10
                0x00000400                . = ALIGN (0x4)
 *(.FlashConfig)
 .FlashConfig   0x00000400       0x10 ./Project_Settings/Startup_Code/startup_S32K148.o
                0x00000410                . = ALIGN (0x4)

.text           0x00000410     0x4f4c
                0x00000410                . = ALIGN (0x4)
 *(.text)
 .text          0x00000410       0x4c ./Project_Settings/Startup_Code/startup_S32K148.o
                0x00000410                Reset_Handler
                0x00000458                FTM5_Ch2_Ch3_IRQHandler
                0x00000458                DebugMon_Handler
                0x00000458                CAN0_ORed_IRQHandler
                0x00000458                HardFault_Handler
                0x00000458                FTM7_Ch2_Ch3_IRQHandler
                0x00000458                Reserved103_IRQHandler
                0x00000458                FTM7_Ch6_Ch7_IRQHandler
                0x00000458                FTM2_Ovf_Reload_IRQHandler
                0x00000458                Reserved50_IRQHandler
                0x00000458                FTFC_Fault_IRQHandler
                0x00000458                FTM0_Ch6_Ch7_IRQHandler
                0x00000458                Reserved114_IRQHandler
                0x00000458                NMI_Handler
                0x00000458                ERM_double_fault_IRQHandler
                0x00000458                Reserved59_IRQHandler
                0x00000458                LPIT0_Ch0_IRQHandler
                0x00000458                Reserved99_IRQHandler
                0x00000458                FTM7_Ch4_Ch5_IRQHandler
                0x00000458                FTM3_Ch6_Ch7_IRQHandler
                0x00000458                CAN2_ORed_0_15_MB_IRQHandler
                0x00000458                LPIT0_Ch3_IRQHandler
                0x00000458                LPI2C1_Master_IRQHandler
                0x00000458                FTM0_Ch4_Ch5_IRQHandler
                0x00000458                CAN1_Error_IRQHandler
                0x00000458                FTM4_Ch6_Ch7_IRQHandler
                0x00000458                FTM3_Ch0_Ch1_IRQHandler
                0x00000458                SWI_IRQHandler
                0x00000458                ADC0_IRQHandler
                0x00000458                FTM2_Ch4_Ch5_IRQHandler
                0x00000458                UsageFault_Handler
                0x00000458                FTM0_Ovf_Reload_IRQHandler
                0x00000458                FTM4_Fault_IRQHandler
                0x00000458                DefaultISR
                0x00000458                Reserved58_IRQHandler
                0x00000458                FTM7_Fault_IRQHandler
                0x00000458                LPI2C1_Slave_IRQHandler
                0x00000458                CAN1_ORed_0_15_MB_IRQHandler
                0x00000458                FTM1_Ch2_Ch3_IRQHandler
                0x00000458                Reserved82_IRQHandler
                0x00000458                CAN0_ORed_16_31_MB_IRQHandler
                0x00000458                LPI2C0_Slave_IRQHandler
                0x00000458                PORTD_IRQHandler
                0x00000458                SAI1_Rx_IRQHandler
                0x00000458                Reserved69_IRQHandler
                0x00000458                PORTB_IRQHandler
                0x00000458                Reserved70_IRQHandler
                0x00000458                ADC1_IRQHandler
                0x00000458                FTM2_Ch2_Ch3_IRQHandler
                0x00000458                FTM5_Ch0_Ch1_IRQHandler
                0x00000458                Reserved53_IRQHandler
                0x00000458                RTC_IRQHandler
                0x00000458                PDB0_IRQHandler
                0x00000458                Reserved54_IRQHandler
                0x00000458                FTM6_Fault_IRQHandler
                0x00000458                FTM2_Ch6_Ch7_IRQHandler
                0x00000458                FTM6_Ch4_Ch5_IRQHandler
                0x00000458                FTM3_Ch2_Ch3_IRQHandler
                0x00000458                FTM6_Ch2_Ch3_IRQHandler
                0x00000458                FTM2_Ch0_Ch1_IRQHandler
                0x00000458                LPSPI1_IRQHandler
                0x00000458                LPUART1_RxTx_IRQHandler
                0x00000458                FTM4_Ovf_Reload_IRQHandler
                0x00000458                RTC_Seconds_IRQHandler
                0x00000458                FTM7_Ch0_Ch1_IRQHandler
                0x00000458                CAN2_ORed_IRQHandler
                0x00000458                Reserved110_IRQHandler
                0x00000458                Reserved107_IRQHandler
                0x00000458                ENET_TIMER_IRQHandler
                0x00000458                Read_Collision_IRQHandler
                0x00000458                CAN2_Error_IRQHandler
                0x00000458                FTFC_IRQHandler
                0x00000458                FTM1_Ch6_Ch7_IRQHandler
                0x00000458                FTM5_Fault_IRQHandler
                0x00000458                FTM6_Ovf_Reload_IRQHandler
                0x00000458                LPIT0_Ch1_IRQHandler
                0x00000458                FTM4_Ch0_Ch1_IRQHandler
                0x00000458                FTM1_Ch4_Ch5_IRQHandler
                0x00000458                FTM3_Ovf_Reload_IRQHandler
                0x00000458                SAI0_Tx_IRQHandler
                0x00000458                LPUART2_RxTx_IRQHandler
                0x00000458                FTM5_Ch4_Ch5_IRQHandler
                0x00000458                LPSPI0_IRQHandler
                0x00000458                WDOG_EWM_IRQHandler
                0x00000458                MemManage_Handler
                0x00000458                Reserved83_IRQHandler
                0x00000458                FTM0_Fault_IRQHandler
                0x00000458                FTM6_Ch6_Ch7_IRQHandler
                0x00000458                Reserved48_IRQHandler
                0x00000458                ENET_TX_IRQHandler
                0x00000458                ERM_single_fault_IRQHandler
                0x00000458                FTM2_Fault_IRQHandler
                0x00000458                FTM0_Ch2_Ch3_IRQHandler
                0x00000458                FTM4_Ch2_Ch3_IRQHandler
                0x00000458                FTM0_Ch0_Ch1_IRQHandler
                0x00000458                FTM4_Ch4_Ch5_IRQHandler
                0x00000458                FTM5_Ovf_Reload_IRQHandler
                0x00000458                FTM3_Fault_IRQHandler
                0x00000458                RCM_IRQHandler
                0x00000458                Reserved100_IRQHandler
                0x00000458                CAN1_ORed_IRQHandler
                0x00000458                SAI0_Rx_IRQHandler
                0x00000458                SCG_IRQHandler
                0x00000458                PDB1_IRQHandler
                0x00000458                CAN2_ORed_16_31_MB_IRQHandler
                0x00000458                CAN0_Error_IRQHandler
                0x00000458                LPI2C0_Master_IRQHandler
                0x00000458                ENET_WAKE_IRQHandler
                0x00000458                FTM1_Fault_IRQHandler
                0x00000458                Reserved106_IRQHandler
                0x00000458                ENET_ERR_IRQHandler
                0x00000458                LVD_LVW_IRQHandler
                0x00000458                ENET_STOP_IRQHandler
                0x00000458                ENET_RX_IRQHandler
                0x00000458                LPIT0_Ch2_IRQHandler
                0x00000458                PORTA_IRQHandler
                0x00000458                FTM5_Ch6_Ch7_IRQHandler
                0x00000458                CAN1_ORed_16_31_MB_IRQHandler
                0x00000458                MCM_IRQHandler
                0x00000458                LPSPI2_IRQHandler
                0x00000458                FTM7_Ovf_Reload_IRQHandler
                0x00000458                FTM3_Ch4_Ch5_IRQHandler
                0x00000458                CAN0_ORed_0_15_MB_IRQHandler
                0x00000458                PORTE_IRQHandler
                0x00000458                LPUART0_RxTx_IRQHandler
                0x00000458                FTM6_Ch0_Ch1_IRQHandler
                0x00000458                LPTMR0_IRQHandler
                0x00000458                BusFault_Handler
                0x00000458                FTM1_Ovf_Reload_IRQHandler
                0x00000458                CAN0_Wake_Up_IRQHandler
                0x00000458                QSPI_IRQHandler
                0x00000458                CMP0_IRQHandler
                0x00000458                Reserved52_IRQHandler
                0x00000458                PORTC_IRQHandler
                0x00000458                FTM1_Ch0_Ch1_IRQHandler
                0x00000458                FLEXIO_IRQHandler
                0x00000458                SAI1_Tx_IRQHandler
                0x00000458                Reserved113_IRQHandler
 .text          0x0000045c       0x10 D:/Apps/NXP/S32DS.for.Arm/S32DS/build_tools/gcc_v6.3/gcc-6.3-arm32-eabi/arm-none-eabi/newlib/lib/thumb/v7e-m/fpv4-sp/hard\libc_nano.a(lib_a-strlen.o)
                0x0000045c                strlen
 *fill*         0x0000046c        0x4 
 .text          0x00000470       0xa0 D:/Apps/NXP/S32DS.for.Arm/S32DS/build_tools/gcc_v6.3/gcc-6.3-arm32-eabi/arm-none-eabi/newlib/lib/thumb/v7e-m/fpv4-sp/hard\libc_nano.a(lib_a-memchr.o)
                0x00000470                memchr
 *(.text*)
 .text.SystemInit
                0x00000510       0x4c ./SDK/platform/devices/S32K148/startup/system_S32K148.o
                0x00000510                SystemInit
 .text.init_data_bss
                0x0000055c       0xd8 ./SDK/platform/devices/startup.o
                0x0000055c                init_data_bss
 .text.CLOCK_SYS_GetCurrentRunMode
                0x00000634       0x24 ./SDK/platform/drivers/src/clock/S32K1xx/clock_S32K1xx.o
 .text.CLOCK_SYS_GetSysOscFreq
                0x00000658       0x1c ./SDK/platform/drivers/src/clock/S32K1xx/clock_S32K1xx.o
 .text.CLOCK_SYS_ConfigureSOSC
                0x00000674      0x12c ./SDK/platform/drivers/src/clock/S32K1xx/clock_S32K1xx.o
 .text.CLOCK_SYS_GetSircFreq
                0x000007a0       0x2c ./SDK/platform/drivers/src/clock/S32K1xx/clock_S32K1xx.o
 .text.CLOCK_SYS_ConfigureSIRC
                0x000007cc       0xc4 ./SDK/platform/drivers/src/clock/S32K1xx/clock_S32K1xx.o
 .text.CLOCK_SYS_GetFircFreq
                0x00000890       0x20 ./SDK/platform/drivers/src/clock/S32K1xx/clock_S32K1xx.o
 .text.CLOCK_SYS_ConfigureFIRC
                0x000008b0       0xb4 ./SDK/platform/drivers/src/clock/S32K1xx/clock_S32K1xx.o
 .text.CLOCK_SYS_GetSysPllFreq
                0x00000964       0x44 ./SDK/platform/drivers/src/clock/S32K1xx/clock_S32K1xx.o
 .text.CLOCK_SYS_ConfigureSPLL
                0x000009a8      0x104 ./SDK/platform/drivers/src/clock/S32K1xx/clock_S32K1xx.o
 .text.CLOCK_SYS_SetSystemClockConfig
                0x00000aac      0x1e4 ./SDK/platform/drivers/src/clock/S32K1xx/clock_S32K1xx.o
 .text.CLOCK_SYS_TransitionSystemClock
                0x00000c90       0x3c ./SDK/platform/drivers/src/clock/S32K1xx/clock_S32K1xx.o
 .text.CLOCK_SYS_GetSystemClockFreq
                0x00000ccc       0x78 ./SDK/platform/drivers/src/clock/S32K1xx/clock_S32K1xx.o
 .text.CLOCK_SYS_GetQspiIpgClk
                0x00000d44       0x2c ./SDK/platform/drivers/src/clock/S32K1xx/clock_S32K1xx.o
 .text.CLOCK_SYS_GetScgClkOutFreq
                0x00000d70       0x44 ./SDK/platform/drivers/src/clock/S32K1xx/clock_S32K1xx.o
 .text.CLOCK_SYS_GetSysAsyncFreq
                0x00000db4       0xd4 ./SDK/platform/drivers/src/clock/S32K1xx/clock_S32K1xx.o
 .text.CLOCK_SYS_GetSimRtcClkFreq
                0x00000e88       0x50 ./SDK/platform/drivers/src/clock/S32K1xx/clock_S32K1xx.o
 .text.CLOCK_SYS_GetQSPIInternalReferenceClock
                0x00000ed8       0x38 ./SDK/platform/drivers/src/clock/S32K1xx/clock_S32K1xx.o
 .text.CLOCK_SYS_GetPeripheralClock
                0x00000f10       0x78 ./SDK/platform/drivers/src/clock/S32K1xx/clock_S32K1xx.o
 .text.CLOCK_SYS_GetLpoFreq
                0x00000f88       0x44 ./SDK/platform/drivers/src/clock/S32K1xx/clock_S32K1xx.o
 .text.CLOCK_SYS_GetSimClkOutFreq
                0x00000fcc       0xcc ./SDK/platform/drivers/src/clock/S32K1xx/clock_S32K1xx.o
 .text.CLOCK_DRV_Init
                0x00001098      0x5b0 ./SDK/platform/drivers/src/clock/S32K1xx/clock_S32K1xx.o
                0x00001098                CLOCK_DRV_Init
 .text.CLOCK_DRV_GetFreq
                0x00001648      0x498 ./SDK/platform/drivers/src/clock/S32K1xx/clock_S32K1xx.o
                0x00001648                CLOCK_DRV_GetFreq
 .text.CLOCK_SYS_Init
                0x00001ae0       0x1c ./SDK/platform/drivers/src/clock/S32K1xx/clock_S32K1xx.o
                0x00001ae0                CLOCK_SYS_Init
 .text.CLOCK_SYS_UpdateConfiguration
                0x00001afc       0xe8 ./SDK/platform/drivers/src/clock/S32K1xx/clock_S32K1xx.o
                0x00001afc                CLOCK_SYS_UpdateConfiguration
 .text.CLOCK_SYS_GetFreq
                0x00001be4        0x8 ./SDK/platform/drivers/src/clock/S32K1xx/clock_S32K1xx.o
                0x00001be4                CLOCK_SYS_GetFreq
 .text.EDMA_DRV_InstallCallback
                0x00001bec       0x20 ./SDK/platform/drivers/src/edma/edma_driver.o
                0x00001bec                EDMA_DRV_InstallCallback
 .text.EDMA_DRV_IRQHandler
                0x00001c0c       0x2c ./SDK/platform/drivers/src/edma/edma_driver.o
                0x00001c0c                EDMA_DRV_IRQHandler
 .text.EDMA_DRV_ErrorIRQHandler
                0x00001c38       0x3c ./SDK/platform/drivers/src/edma/edma_driver.o
                0x00001c38                EDMA_DRV_ErrorIRQHandler
 .text.EDMA_DRV_ConfigSingleBlockTransfer
                0x00001c74      0x148 ./SDK/platform/drivers/src/edma/edma_driver.o
                0x00001c74                EDMA_DRV_ConfigSingleBlockTransfer
 .text.EDMA_DRV_ConfigMultiBlockTransfer
                0x00001dbc       0x64 ./SDK/platform/drivers/src/edma/edma_driver.o
                0x00001dbc                EDMA_DRV_ConfigMultiBlockTransfer
 .text.EDMA_DRV_StartChannel
                0x00001e20       0x18 ./SDK/platform/drivers/src/edma/edma_driver.o
                0x00001e20                EDMA_DRV_StartChannel
 .text.EDMA_DRV_StopChannel
                0x00001e38       0x18 ./SDK/platform/drivers/src/edma/edma_driver.o
                0x00001e38                EDMA_DRV_StopChannel
 .text.EDMA_DRV_SetSrcAddr
                0x00001e50       0x14 ./SDK/platform/drivers/src/edma/edma_driver.o
                0x00001e50                EDMA_DRV_SetSrcAddr
 .text.EDMA_DRV_SetMajorLoopIterationCount
                0x00001e64       0x14 ./SDK/platform/drivers/src/edma/edma_driver.o
                0x00001e64                EDMA_DRV_SetMajorLoopIterationCount
 .text.EDMA_DRV_GetRemainingMajorIterationsCount
                0x00001e78       0x14 ./SDK/platform/drivers/src/edma/edma_driver.o
                0x00001e78                EDMA_DRV_GetRemainingMajorIterationsCount
 .text.EDMA_DRV_GetDmaRegBaseAddr
                0x00001e8c        0x8 ./SDK/platform/drivers/src/edma/edma_driver.o
                0x00001e8c                EDMA_DRV_GetDmaRegBaseAddr
 .text.EDMA_SetDmaRequestCmd
                0x00001e94        0xa ./SDK/platform/drivers/src/edma/edma_hw_access.o
                0x00001e94                EDMA_SetDmaRequestCmd
 .text.EDMA_TCDClearReg
                0x00001e9e       0x4a ./SDK/platform/drivers/src/edma/edma_hw_access.o
                0x00001e9e                EDMA_TCDClearReg
 .text.EDMA_TCDSetAttribute
                0x00001ee8       0x30 ./SDK/platform/drivers/src/edma/edma_hw_access.o
                0x00001ee8                EDMA_TCDSetAttribute
 .text.EDMA_TCDSetNbytes
                0x00001f18       0x5c ./SDK/platform/drivers/src/edma/edma_hw_access.o
                0x00001f18                EDMA_TCDSetNbytes
 .text.EDMA_TCDSetMajorCount
                0x00001f74       0x5e ./SDK/platform/drivers/src/edma/edma_hw_access.o
                0x00001f74                EDMA_TCDSetMajorCount
 .text.EDMA_TCDGetCurrentMajorCount
                0x00001fd2       0x2c ./SDK/platform/drivers/src/edma/edma_hw_access.o
                0x00001fd2                EDMA_TCDGetCurrentMajorCount
 .text.DMA0_IRQHandler
                0x00001ffe        0xa ./SDK/platform/drivers/src/edma/edma_irq.o
                0x00001ffe                DMA0_IRQHandler
 .text.DMA1_IRQHandler
                0x00002008        0xa ./SDK/platform/drivers/src/edma/edma_irq.o
                0x00002008                DMA1_IRQHandler
 .text.DMA2_IRQHandler
                0x00002012        0xa ./SDK/platform/drivers/src/edma/edma_irq.o
                0x00002012                DMA2_IRQHandler
 .text.DMA3_IRQHandler
                0x0000201c        0xa ./SDK/platform/drivers/src/edma/edma_irq.o
                0x0000201c                DMA3_IRQHandler
 .text.DMA4_IRQHandler
                0x00002026        0xa ./SDK/platform/drivers/src/edma/edma_irq.o
                0x00002026                DMA4_IRQHandler
 .text.DMA5_IRQHandler
                0x00002030        0xa ./SDK/platform/drivers/src/edma/edma_irq.o
                0x00002030                DMA5_IRQHandler
 .text.DMA6_IRQHandler
                0x0000203a        0xa ./SDK/platform/drivers/src/edma/edma_irq.o
                0x0000203a                DMA6_IRQHandler
 .text.DMA7_IRQHandler
                0x00002044        0xa ./SDK/platform/drivers/src/edma/edma_irq.o
                0x00002044                DMA7_IRQHandler
 .text.DMA8_IRQHandler
                0x0000204e        0xa ./SDK/platform/drivers/src/edma/edma_irq.o
                0x0000204e                DMA8_IRQHandler
 .text.DMA9_IRQHandler
                0x00002058        0xa ./SDK/platform/drivers/src/edma/edma_irq.o
                0x00002058                DMA9_IRQHandler
 .text.DMA10_IRQHandler
                0x00002062        0xa ./SDK/platform/drivers/src/edma/edma_irq.o
                0x00002062                DMA10_IRQHandler
 .text.DMA11_IRQHandler
                0x0000206c        0xa ./SDK/platform/drivers/src/edma/edma_irq.o
                0x0000206c                DMA11_IRQHandler
 .text.DMA12_IRQHandler
                0x00002076        0xa ./SDK/platform/drivers/src/edma/edma_irq.o
                0x00002076                DMA12_IRQHandler
 .text.DMA13_IRQHandler
                0x00002080        0xa ./SDK/platform/drivers/src/edma/edma_irq.o
                0x00002080                DMA13_IRQHandler
 .text.DMA14_IRQHandler
                0x0000208a        0xa ./SDK/platform/drivers/src/edma/edma_irq.o
                0x0000208a                DMA14_IRQHandler
 .text.DMA15_IRQHandler
                0x00002094        0xa ./SDK/platform/drivers/src/edma/edma_irq.o
                0x00002094                DMA15_IRQHandler
 .text.DMA_Error_IRQHandler
                0x0000209e       0x28 ./SDK/platform/drivers/src/edma/edma_irq.o
                0x0000209e                DMA_Error_IRQHandler
 *fill*         0x000020c6        0x2 
 .text.INT_SYS_InstallHandler
                0x000020c8       0x30 ./SDK/platform/drivers/src/interrupt/interrupt_manager.o
                0x000020c8                INT_SYS_InstallHandler
 .text.INT_SYS_EnableIRQ
                0x000020f8       0x18 ./SDK/platform/drivers/src/interrupt/interrupt_manager.o
                0x000020f8                INT_SYS_EnableIRQ
 .text.INT_SYS_EnableIRQGlobal
                0x00002110       0x1c ./SDK/platform/drivers/src/interrupt/interrupt_manager.o
                0x00002110                INT_SYS_EnableIRQGlobal
 .text.INT_SYS_DisableIRQGlobal
                0x0000212c       0x10 ./SDK/platform/drivers/src/interrupt/interrupt_manager.o
                0x0000212c                INT_SYS_DisableIRQGlobal
 .text.LPUART_DRV_StartSendDataUsingInt
                0x0000213c       0x4c ./SDK/platform/drivers/src/lpuart/lpuart_driver.o
 .text.LPUART_DRV_StartSendDataUsingDma
                0x00002188       0x80 ./SDK/platform/drivers/src/lpuart/lpuart_driver.o
 .text.LPUART_DRV_CompleteSendDataUsingInt
                0x00002208       0x64 ./SDK/platform/drivers/src/lpuart/lpuart_driver.o
 .text.LPUART_DRV_StopTxDma
                0x0000226c       0x64 ./SDK/platform/drivers/src/lpuart/lpuart_driver.o
 .text.LPUART_DRV_TxDmaCallback
                0x000022d0       0x74 ./SDK/platform/drivers/src/lpuart/lpuart_driver.o
 .text.LPUART_DRV_PutData
                0x00002344       0x44 ./SDK/platform/drivers/src/lpuart/lpuart_driver.o
 .text.LPUART_DRV_CompleteReceiveDataUsingInt
                0x00002388       0x64 ./SDK/platform/drivers/src/lpuart/lpuart_driver.o
 .text.LPUART_DRV_StopRxDma
                0x000023ec       0x64 ./SDK/platform/drivers/src/lpuart/lpuart_driver.o
 .text.LPUART_DRV_GetData
                0x00002450       0x5c ./SDK/platform/drivers/src/lpuart/lpuart_driver.o
 .text.LPUART_DRV_SendData
                0x000024ac       0x24 ./SDK/platform/drivers/src/lpuart/lpuart_driver.o
                0x000024ac                LPUART_DRV_SendData
 .text.LPUART_DRV_GetTransmitStatus
                0x000024d0       0x38 ./SDK/platform/drivers/src/lpuart/lpuart_driver.o
                0x000024d0                LPUART_DRV_GetTransmitStatus
 .text.LPUART_DRV_SetBaudRate
                0x00002508       0xd4 ./SDK/platform/drivers/src/lpuart/lpuart_driver.o
                0x00002508                LPUART_DRV_SetBaudRate
 .text.LPUART_DRV_Init
                0x000025dc       0xe0 ./SDK/platform/drivers/src/lpuart/lpuart_driver.o
                0x000025dc                LPUART_DRV_Init
 .text.LPUART_DRV_IRQHandler
                0x000026bc      0x2a8 ./SDK/platform/drivers/src/lpuart/lpuart_driver.o
                0x000026bc                LPUART_DRV_IRQHandler
 .text.LPUART_Init
                0x00002964       0x24 ./SDK/platform/drivers/src/lpuart/lpuart_hw_access.o
                0x00002964                LPUART_Init
 .text.LPUART_SetBitCountPerChar
                0x00002988       0x30 ./SDK/platform/drivers/src/lpuart/lpuart_hw_access.o
                0x00002988                LPUART_SetBitCountPerChar
 .text.LPUART_SetParityMode
                0x000029b8       0x1e ./SDK/platform/drivers/src/lpuart/lpuart_hw_access.o
                0x000029b8                LPUART_SetParityMode
 .text.LPUART_Putchar9
                0x000029d6       0x16 ./SDK/platform/drivers/src/lpuart/lpuart_hw_access.o
                0x000029d6                LPUART_Putchar9
 .text.LPUART_Putchar10
                0x000029ec       0x22 ./SDK/platform/drivers/src/lpuart/lpuart_hw_access.o
                0x000029ec                LPUART_Putchar10
 .text.LPUART_Getchar9
                0x00002a0e       0x12 ./SDK/platform/drivers/src/lpuart/lpuart_hw_access.o
                0x00002a0e                LPUART_Getchar9
 .text.LPUART_Getchar10
                0x00002a20       0x1e ./SDK/platform/drivers/src/lpuart/lpuart_hw_access.o
                0x00002a20                LPUART_Getchar10
 .text.LPUART_SetIntMode
                0x00002a3e       0x70 ./SDK/platform/drivers/src/lpuart/lpuart_hw_access.o
                0x00002a3e                LPUART_SetIntMode
 .text.LPUART_GetIntMode
                0x00002aae       0x4a ./SDK/platform/drivers/src/lpuart/lpuart_hw_access.o
                0x00002aae                LPUART_GetIntMode
 .text.LPUART_GetStatusFlag
                0x00002af8       0x48 ./SDK/platform/drivers/src/lpuart/lpuart_hw_access.o
                0x00002af8                LPUART_GetStatusFlag
 .text.LPUART_SetErrorInterrupts
                0x00002b40       0x40 ./SDK/platform/drivers/src/lpuart/lpuart_hw_access.o
                0x00002b40                LPUART_SetErrorInterrupts
 .text.LPUART0_IrqHandler
                0x00002b80        0xa ./SDK/platform/drivers/src/lpuart/lpuart_irq.o
                0x00002b80                LPUART0_IrqHandler
 .text.LPUART1_IrqHandler
                0x00002b8a        0xa ./SDK/platform/drivers/src/lpuart/lpuart_irq.o
                0x00002b8a                LPUART1_IrqHandler
 .text.LPUART2_IrqHandler
                0x00002b94        0xa ./SDK/platform/drivers/src/lpuart/lpuart_irq.o
                0x00002b94                LPUART2_IrqHandler
 .text.PINS_DRV_Init
                0x00002b9e       0x20 ./SDK/platform/drivers/src/pins/pins_driver.o
                0x00002b9e                PINS_DRV_Init
 .text.PINS_DRV_TogglePins
                0x00002bbe        0x4 ./SDK/platform/drivers/src/pins/pins_driver.o
                0x00002bbe                PINS_DRV_TogglePins
 *fill*         0x00002bc2        0x2 
 .text.PINS_GetAdcInterleaveVal
                0x00002bc4       0x70 ./SDK/platform/drivers/src/pins/pins_port_hw_access.o
 .text.PINS_Init
                0x00002c34      0x114 ./SDK/platform/drivers/src/pins/pins_port_hw_access.o
                0x00002c34                PINS_Init
 .text.vListInitialise
                0x00002d48       0x16 ./SDK/rtos/FreeRTOS_S32K/Source/list.o
                0x00002d48                vListInitialise
 .text.vListInitialiseItem
                0x00002d5e        0x6 ./SDK/rtos/FreeRTOS_S32K/Source/list.o
                0x00002d5e                vListInitialiseItem
 .text.vListInsertEnd
                0x00002d64       0x18 ./SDK/rtos/FreeRTOS_S32K/Source/list.o
                0x00002d64                vListInsertEnd
 .text.vListInsert
                0x00002d7c       0x34 ./SDK/rtos/FreeRTOS_S32K/Source/list.o
                0x00002d7c                vListInsert
 .text.uxListRemove
                0x00002db0       0x26 ./SDK/rtos/FreeRTOS_S32K/Source/list.o
                0x00002db0                uxListRemove
 .text.prvIsQueueEmpty
                0x00002dd6       0x16 ./SDK/rtos/FreeRTOS_S32K/Source/queue.o
 .text.prvCopyDataToQueue
                0x00002dec       0x76 ./SDK/rtos/FreeRTOS_S32K/Source/queue.o
 .text.prvCopyDataFromQueue
                0x00002e62       0x24 ./SDK/rtos/FreeRTOS_S32K/Source/queue.o
 .text.prvUnlockQueue
                0x00002e86       0x82 ./SDK/rtos/FreeRTOS_S32K/Source/queue.o
 .text.xQueueGenericReset
                0x00002f08       0x80 ./SDK/rtos/FreeRTOS_S32K/Source/queue.o
                0x00002f08                xQueueGenericReset
 .text.xQueueGenericCreate
                0x00002f88       0x44 ./SDK/rtos/FreeRTOS_S32K/Source/queue.o
                0x00002f88                xQueueGenericCreate
 .text.xQueueCreateCountingSemaphore
                0x00002fcc       0x40 ./SDK/rtos/FreeRTOS_S32K/Source/queue.o
                0x00002fcc                xQueueCreateCountingSemaphore
 .text.xQueueGenericSend
                0x0000300c      0x188 ./SDK/rtos/FreeRTOS_S32K/Source/queue.o
                0x0000300c                xQueueGenericSend
 .text.xQueueGenericSendFromISR
                0x00003194       0xd6 ./SDK/rtos/FreeRTOS_S32K/Source/queue.o
                0x00003194                xQueueGenericSendFromISR
 .text.xQueueGiveFromISR
                0x0000326a       0xb2 ./SDK/rtos/FreeRTOS_S32K/Source/queue.o
                0x0000326a                xQueueGiveFromISR
 .text.xQueueReceive
                0x0000331c      0x158 ./SDK/rtos/FreeRTOS_S32K/Source/queue.o
                0x0000331c                xQueueReceive
 .text.vQueueWaitForMessageRestricted
                0x00003474       0x4e ./SDK/rtos/FreeRTOS_S32K/Source/queue.o
                0x00003474                vQueueWaitForMessageRestricted
 *fill*         0x000034c2        0x2 
 .text.prvResetNextTaskUnblockTime
                0x000034c4       0x2c ./SDK/rtos/FreeRTOS_S32K/Source/tasks.o
 .text.prvIdleTask
                0x000034f0       0x70 ./SDK/rtos/FreeRTOS_S32K/Source/tasks.o
 .text.prvAddCurrentTaskToDelayedList
                0x00003560       0xa0 ./SDK/rtos/FreeRTOS_S32K/Source/tasks.o
 .text.xTaskCreate
                0x00003600      0x1cc ./SDK/rtos/FreeRTOS_S32K/Source/tasks.o
                0x00003600                xTaskCreate
 .text.vTaskStartScheduler
                0x000037cc       0x84 ./SDK/rtos/FreeRTOS_S32K/Source/tasks.o
                0x000037cc                vTaskStartScheduler
 .text.vTaskSuspendAll
                0x00003850       0x10 ./SDK/rtos/FreeRTOS_S32K/Source/tasks.o
                0x00003850                vTaskSuspendAll
 .text.xTaskGetTickCount
                0x00003860        0xc ./SDK/rtos/FreeRTOS_S32K/Source/tasks.o
                0x00003860                xTaskGetTickCount
 .text.xTaskIncrementTick
                0x0000386c      0x128 ./SDK/rtos/FreeRTOS_S32K/Source/tasks.o
                0x0000386c                xTaskIncrementTick
 .text.xTaskResumeAll
                0x00003994      0x100 ./SDK/rtos/FreeRTOS_S32K/Source/tasks.o
                0x00003994                xTaskResumeAll
 .text.vTaskDelay
                0x00003a94       0x4c ./SDK/rtos/FreeRTOS_S32K/Source/tasks.o
                0x00003a94                vTaskDelay
 .text.vTaskSwitchContext
                0x00003ae0       0x94 ./SDK/rtos/FreeRTOS_S32K/Source/tasks.o
                0x00003ae0                vTaskSwitchContext
 .text.vTaskPlaceOnEventList
                0x00003b74       0x30 ./SDK/rtos/FreeRTOS_S32K/Source/tasks.o
                0x00003b74                vTaskPlaceOnEventList
 .text.vTaskPlaceOnEventListRestricted
                0x00003ba4       0x3c ./SDK/rtos/FreeRTOS_S32K/Source/tasks.o
                0x00003ba4                vTaskPlaceOnEventListRestricted
 .text.xTaskRemoveFromEventList
                0x00003be0       0x88 ./SDK/rtos/FreeRTOS_S32K/Source/tasks.o
                0x00003be0                xTaskRemoveFromEventList
 .text.vTaskInternalSetTimeOutState
                0x00003c68       0x18 ./SDK/rtos/FreeRTOS_S32K/Source/tasks.o
                0x00003c68                vTaskInternalSetTimeOutState
 .text.xTaskCheckForTimeOut
                0x00003c80       0x9c ./SDK/rtos/FreeRTOS_S32K/Source/tasks.o
                0x00003c80                xTaskCheckForTimeOut
 .text.vTaskMissedYield
                0x00003d1c        0xc ./SDK/rtos/FreeRTOS_S32K/Source/tasks.o
                0x00003d1c                vTaskMissedYield
 .text.xTaskGetSchedulerState
                0x00003d28       0x20 ./SDK/rtos/FreeRTOS_S32K/Source/tasks.o
                0x00003d28                xTaskGetSchedulerState
 .text.xTaskPriorityDisinherit
                0x00003d48       0xb0 ./SDK/rtos/FreeRTOS_S32K/Source/tasks.o
                0x00003d48                xTaskPriorityDisinherit
 .text.prvInsertTimerInActiveList
                0x00003df8       0x48 ./SDK/rtos/FreeRTOS_S32K/Source/timers.o
 .text.prvCheckForValidListAndQueue
                0x00003e40       0x50 ./SDK/rtos/FreeRTOS_S32K/Source/timers.o
 .text.xTimerCreateTimerTask
                0x00003e90       0x4c ./SDK/rtos/FreeRTOS_S32K/Source/timers.o
                0x00003e90                xTimerCreateTimerTask
 .text.xTimerGenericCommand
                0x00003edc       0x60 ./SDK/rtos/FreeRTOS_S32K/Source/timers.o
                0x00003edc                xTimerGenericCommand
 .text.prvSampleTimeNow
                0x00003f3c       0xa8 ./SDK/rtos/FreeRTOS_S32K/Source/timers.o
 .text.prvTimerTask
                0x00003fe4      0x1c8 ./SDK/rtos/FreeRTOS_S32K/Source/timers.o
 .text.prvTaskExitError
                0x000041ac       0x40 ./SDK/rtos/FreeRTOS_S32K/Source/portable/GCC/ARM_CM4F/port.o
 .text.prvPortStartFirstTask
                0x000041ec       0x28 ./SDK/rtos/FreeRTOS_S32K/Source/portable/GCC/ARM_CM4F/port.o
 .text.vPortEnableVFP
                0x00004214       0x14 ./SDK/rtos/FreeRTOS_S32K/Source/portable/GCC/ARM_CM4F/port.o
 .text.pxPortInitialiseStack
                0x00004228       0x2c ./SDK/rtos/FreeRTOS_S32K/Source/portable/GCC/ARM_CM4F/port.o
                0x00004228                pxPortInitialiseStack
 *fill*         0x00004254        0xc 
 .text.SVC_Handler
                0x00004260       0x24 ./SDK/rtos/FreeRTOS_S32K/Source/portable/GCC/ARM_CM4F/port.o
                0x00004260                SVC_Handler
 .text.vPortEnterCritical
                0x00004284       0x44 ./SDK/rtos/FreeRTOS_S32K/Source/portable/GCC/ARM_CM4F/port.o
                0x00004284                vPortEnterCritical
 .text.vPortExitCritical
                0x000042c8       0x2c ./SDK/rtos/FreeRTOS_S32K/Source/portable/GCC/ARM_CM4F/port.o
                0x000042c8                vPortExitCritical
 *fill*         0x000042f4        0xc 
 .text.PendSV_Handler
                0x00004300       0x64 ./SDK/rtos/FreeRTOS_S32K/Source/portable/GCC/ARM_CM4F/port.o
                0x00004300                PendSV_Handler
 .text.SysTick_Handler
                0x00004364       0x2c ./SDK/rtos/FreeRTOS_S32K/Source/portable/GCC/ARM_CM4F/port.o
                0x00004364                SysTick_Handler
 .text.vPortSetupTimerInterrupt
                0x00004390       0x24 ./SDK/rtos/FreeRTOS_S32K/Source/portable/GCC/ARM_CM4F/port.o
                0x00004390                vPortSetupTimerInterrupt
 .text.xPortStartScheduler
                0x000043b4      0x118 ./SDK/rtos/FreeRTOS_S32K/Source/portable/GCC/ARM_CM4F/port.o
                0x000043b4                xPortStartScheduler
 .text.vPortValidateInterruptPriority
                0x000044cc       0x5c ./SDK/rtos/FreeRTOS_S32K/Source/portable/GCC/ARM_CM4F/port.o
                0x000044cc                vPortValidateInterruptPriority
 .text.pvPortMalloc
                0x00004528       0xc8 ./SDK/rtos/FreeRTOS_S32K/Source/portable/MemMang/heap_2.o
                0x00004528                pvPortMalloc
 .text.vPortFree
                0x000045f0       0x44 ./SDK/rtos/FreeRTOS_S32K/Source/portable/MemMang/heap_2.o
                0x000045f0                vPortFree
 .text.OSIF_SemaPost
                0x00004634       0x58 ./SDK/rtos/osif/osif_freertos.o
                0x00004634                OSIF_SemaPost
 .text.OSIF_SemaCreate
                0x0000468c       0x14 ./SDK/rtos/osif/osif_freertos.o
                0x0000468c                OSIF_SemaCreate
 .text.u1_printf
                0x000046a0       0x44 ./SDK_Pinzhi/uart.o
                0x000046a0                u1_printf
 .text.main     0x000046e4       0x5c ./Sources/main.o
                0x000046e4                main
 .text.MyTask_500ms
                0x00004740       0x2c ./src/MyTask.o
 .text.MyTask_100ms
                0x0000476c        0xc ./src/MyTask.o
 .text.MyTask_50ms
                0x00004778        0xc ./src/MyTask.o
 .text.MyTask_10ms
                0x00004784        0xc ./src/MyTask.o
 .text.MyTask_Start_Schedule
                0x00004790       0x80 ./src/MyTask.o
                0x00004790                MyTask_Start_Schedule
 .text.memcpy   0x00004810       0x16 D:/Apps/NXP/S32DS.for.Arm/S32DS/build_tools/gcc_v6.3/gcc-6.3-arm32-eabi/arm-none-eabi/newlib/lib/thumb/v7e-m/fpv4-sp/hard\libc_nano.a(lib_a-memcpy-stub.o)
                0x00004810                memcpy
 .text.memset   0x00004826       0x10 D:/Apps/NXP/S32DS.for.Arm/S32DS/build_tools/gcc_v6.3/gcc-6.3-arm32-eabi/arm-none-eabi/newlib/lib/thumb/v7e-m/fpv4-sp/hard\libc_nano.a(lib_a-memset.o)
                0x00004826                memset
 .text._vsprintf_r
                0x00004836       0x30 D:/Apps/NXP/S32DS.for.Arm/S32DS/build_tools/gcc_v6.3/gcc-6.3-arm32-eabi/arm-none-eabi/newlib/lib/thumb/v7e-m/fpv4-sp/hard\libc_nano.a(lib_a-vsprintf.o)
                0x00004836                _vsprintf_r
                0x00004836                _vsiprintf_r
 *fill*         0x00004866        0x2 
 .text.vsprintf
                0x00004868       0x14 D:/Apps/NXP/S32DS.for.Arm/S32DS/build_tools/gcc_v6.3/gcc-6.3-arm32-eabi/arm-none-eabi/newlib/lib/thumb/v7e-m/fpv4-sp/hard\libc_nano.a(lib_a-vsprintf.o)
                0x00004868                vsiprintf
                0x00004868                vsprintf
 .text.__ssputs_r
                0x0000487c       0xb6 D:/Apps/NXP/S32DS.for.Arm/S32DS/build_tools/gcc_v6.3/gcc-6.3-arm32-eabi/arm-none-eabi/newlib/lib/thumb/v7e-m/fpv4-sp/hard\libc_nano.a(lib_a-nano-svfprintf.o)
                0x0000487c                __ssputs_r
 *fill*         0x00004932        0x2 
 .text._svfprintf_r
                0x00004934      0x1e8 D:/Apps/NXP/S32DS.for.Arm/S32DS/build_tools/gcc_v6.3/gcc-6.3-arm32-eabi/arm-none-eabi/newlib/lib/thumb/v7e-m/fpv4-sp/hard\libc_nano.a(lib_a-nano-svfprintf.o)
                0x00004934                _svfiprintf_r
                0x00004934                _svfprintf_r
 .text._printf_common
                0x00004b1c       0xec D:/Apps/NXP/S32DS.for.Arm/S32DS/build_tools/gcc_v6.3/gcc-6.3-arm32-eabi/arm-none-eabi/newlib/lib/thumb/v7e-m/fpv4-sp/hard\libc_nano.a(lib_a-nano-vfprintf_i.o)
                0x00004b1c                _printf_common
 .text._printf_i
                0x00004c08      0x240 D:/Apps/NXP/S32DS.for.Arm/S32DS/build_tools/gcc_v6.3/gcc-6.3-arm32-eabi/arm-none-eabi/newlib/lib/thumb/v7e-m/fpv4-sp/hard\libc_nano.a(lib_a-nano-vfprintf_i.o)
                0x00004c08                _printf_i
 .text.memmove  0x00004e48       0x34 D:/Apps/NXP/S32DS.for.Arm/S32DS/build_tools/gcc_v6.3/gcc-6.3-arm32-eabi/arm-none-eabi/newlib/lib/thumb/v7e-m/fpv4-sp/hard\libc_nano.a(lib_a-memmove.o)
                0x00004e48                memmove
 .text._free_r  0x00004e7c       0x9c D:/Apps/NXP/S32DS.for.Arm/S32DS/build_tools/gcc_v6.3/gcc-6.3-arm32-eabi/arm-none-eabi/newlib/lib/thumb/v7e-m/fpv4-sp/hard\libc_nano.a(lib_a-nano-freer.o)
                0x00004e7c                _free_r
 .text._malloc_r
                0x00004f18       0xbc D:/Apps/NXP/S32DS.for.Arm/S32DS/build_tools/gcc_v6.3/gcc-6.3-arm32-eabi/arm-none-eabi/newlib/lib/thumb/v7e-m/fpv4-sp/hard\libc_nano.a(lib_a-nano-mallocr.o)
                0x00004f18                _malloc_r
 .text._realloc_r
                0x00004fd4       0x4c D:/Apps/NXP/S32DS.for.Arm/S32DS/build_tools/gcc_v6.3/gcc-6.3-arm32-eabi/arm-none-eabi/newlib/lib/thumb/v7e-m/fpv4-sp/hard\libc_nano.a(lib_a-nano-reallocr.o)
                0x00004fd4                _realloc_r
 .text._sbrk_r  0x00005020       0x20 D:/Apps/NXP/S32DS.for.Arm/S32DS/build_tools/gcc_v6.3/gcc-6.3-arm32-eabi/arm-none-eabi/newlib/lib/thumb/v7e-m/fpv4-sp/hard\libc_nano.a(lib_a-sbrkr.o)
                0x00005020                _sbrk_r
 .text.__malloc_lock
                0x00005040        0x2 D:/Apps/NXP/S32DS.for.Arm/S32DS/build_tools/gcc_v6.3/gcc-6.3-arm32-eabi/arm-none-eabi/newlib/lib/thumb/v7e-m/fpv4-sp/hard\libc_nano.a(lib_a-mlock.o)
                0x00005040                __malloc_lock
 .text.__malloc_unlock
                0x00005042        0x2 D:/Apps/NXP/S32DS.for.Arm/S32DS/build_tools/gcc_v6.3/gcc-6.3-arm32-eabi/arm-none-eabi/newlib/lib/thumb/v7e-m/fpv4-sp/hard\libc_nano.a(lib_a-mlock.o)
                0x00005042                __malloc_unlock
 .text._malloc_usable_size_r
                0x00005044       0x12 D:/Apps/NXP/S32DS.for.Arm/S32DS/build_tools/gcc_v6.3/gcc-6.3-arm32-eabi/arm-none-eabi/newlib/lib/thumb/v7e-m/fpv4-sp/hard\libc_nano.a(lib_a-nano-msizer.o)
                0x00005044                _malloc_usable_size_r
 *fill*         0x00005056        0x2 
 .text._sbrk    0x00005058       0x1c D:/Apps/NXP/S32DS.for.Arm/S32DS/build_tools/gcc_v6.3/gcc-6.3-arm32-eabi/arm-none-eabi/newlib/lib/thumb/v7e-m/fpv4-sp/hard\libnosys.a(sbrk.o)
                0x00005058                _sbrk
 *(.rodata)
 *(.rodata*)
 .rodata.lpuart1_InitConfig0
                0x00005074        0xc ./Generated_Code/lpuart1.o
                0x00005074                lpuart1_InitConfig0
 .rodata.clockNameMappings
                0x00005080       0xb8 ./SDK/platform/drivers/src/clock/S32K1xx/clock_S32K1xx.o
                0x00005080                clockNameMappings
 .rodata.maxSysClksInHSRUN.7949
                0x00005138       0x54 ./SDK/platform/drivers/src/clock/S32K1xx/clock_S32K1xx.o
 .rodata.maxSysClksInRUN.7948
                0x0000518c       0x54 ./SDK/platform/drivers/src/clock/S32K1xx/clock_S32K1xx.o
 .rodata.maxSysClksInVLPR.7947
                0x000051e0       0x54 ./SDK/platform/drivers/src/clock/S32K1xx/clock_S32K1xx.o
 .rodata.peripheralFeaturesList
                0x00005234       0x5c ./SDK/platform/drivers/src/clock/S32K1xx/clock_S32K1xx.o
                0x00005234                peripheralFeaturesList
 .rodata.s_lpuartBase
                0x00005290        0xc ./SDK/platform/drivers/src/lpuart/lpuart_driver.o
 .rodata.s_lpuartClkNames
                0x0000529c        0x3 ./SDK/platform/drivers/src/lpuart/lpuart_driver.o
 *fill*         0x0000529f        0x1 
 .rodata.s_lpuartRxTxIrqId
                0x000052a0        0x6 ./SDK/platform/drivers/src/lpuart/lpuart_driver.o
 *fill*         0x000052a6        0x2 
 .rodata.vTaskStartScheduler.str1.4
                0x000052a8        0x5 ./SDK/rtos/FreeRTOS_S32K/Source/tasks.o
 *fill*         0x000052ad        0x3 
 .rodata.xTimerCreateTimerTask.str1.4
                0x000052b0        0x8 ./SDK/rtos/FreeRTOS_S32K/Source/timers.o
 .rodata.main.str1.4
                0x000052b8       0x1b ./Sources/main.o
 *fill*         0x000052d3        0x1 
 .rodata.MyTask_500ms.str1.4
                0x000052d4       0x1a ./src/MyTask.o
 *fill*         0x000052ee        0x2 
 .rodata.MyTask_Start_Schedule.str1.4
                0x000052f0       0x30 ./src/MyTask.o
                                 0x2f (size before relaxing)
 .rodata._svfprintf_r.str1.1
                0x00005320       0x11 D:/Apps/NXP/S32DS.for.Arm/S32DS/build_tools/gcc_v6.3/gcc-6.3-arm32-eabi/arm-none-eabi/newlib/lib/thumb/v7e-m/fpv4-sp/hard\libc_nano.a(lib_a-nano-svfprintf.o)
 .rodata._printf_i.str1.1
                0x00005331       0x22 D:/Apps/NXP/S32DS.for.Arm/S32DS/build_tools/gcc_v6.3/gcc-6.3-arm32-eabi/arm-none-eabi/newlib/lib/thumb/v7e-m/fpv4-sp/hard\libc_nano.a(lib_a-nano-vfprintf_i.o)
 *(.init)
 *fill*         0x00005353        0x1 
 .init          0x00005354        0x4 d:/apps/nxp/s32ds.for.arm/s32ds/build_tools/gcc_v6.3/gcc-6.3-arm32-eabi/bin/../lib/gcc/arm-none-eabi/6.3.1/thumb/v7e-m/fpv4-sp/hard/crti.o
                0x00005354                _init
 *(.fini)
 .fini          0x00005358        0x4 d:/apps/nxp/s32ds.for.arm/s32ds/build_tools/gcc_v6.3/gcc-6.3-arm32-eabi/bin/../lib/gcc/arm-none-eabi/6.3.1/thumb/v7e-m/fpv4-sp/hard/crti.o
                0x00005358                _fini
 *(.eh_frame)
                0x0000535c                . = ALIGN (0x4)

.glue_7         0x0000535c        0x0
 .glue_7        0x0000535c        0x0 linker stubs

.glue_7t        0x0000535c        0x0
 .glue_7t       0x0000535c        0x0 linker stubs

.vfp11_veneer   0x0000535c        0x0
 .vfp11_veneer  0x0000535c        0x0 linker stubs

.v4_bx          0x0000535c        0x0
 .v4_bx         0x0000535c        0x0 linker stubs

.iplt           0x0000535c        0x0
 .iplt          0x0000535c        0x0 d:/apps/nxp/s32ds.for.arm/s32ds/build_tools/gcc_v6.3/gcc-6.3-arm32-eabi/bin/../lib/gcc/arm-none-eabi/6.3.1/thumb/v7e-m/fpv4-sp/hard/crtbegin.o

.rel.dyn        0x0000535c        0x0
 .rel.iplt      0x0000535c        0x0 d:/apps/nxp/s32ds.for.arm/s32ds/build_tools/gcc_v6.3/gcc-6.3-arm32-eabi/bin/../lib/gcc/arm-none-eabi/6.3.1/thumb/v7e-m/fpv4-sp/hard/crtbegin.o

.ARM            0x0000535c        0x0
                0x0000535c                __exidx_start = .
 *(.ARM.exidx*)
                0x0000535c                __exidx_end = .
                0x0000535c                __etext = .
                0x0000535c                __DATA_ROM = .

.interrupts_ram
                0x1ffe0000      0x400
                0x1ffe0000                . = ALIGN (0x4)
                0x1ffe0000                __VECTOR_RAM__ = .
                0x1ffe0000                __RAM_START = .
                0x1ffe0000                __interrupts_ram_start__ = .
 *(.m_interrupts_ram)
                0x1ffe0400                . = (. + M_VECTOR_RAM_SIZE)
 *fill*         0x1ffe0000      0x400 
                0x1ffe0400                . = ALIGN (0x4)
                0x1ffe0400                __interrupts_ram_end__ = .
                0x1ffe0000                __VECTOR_RAM = DEFINED (__flash_vector_table__)?ORIGIN (m_interrupts):__VECTOR_RAM__
                0x00000400                __RAM_VECTOR_TABLE_SIZE = DEFINED (__flash_vector_table__)?0x0:(__interrupts_ram_end__ - __interrupts_ram_start__)

.data           0x1ffe0400      0x2e4 load address 0x0000535c
                0x1ffe0400                . = ALIGN (0x4)
                0x1ffe0400                __DATA_RAM = .
                0x1ffe0400                __data_start__ = .
 *(.data)
 *(.data*)
 .data.clockMan1_InitConfig0
                0x1ffe0400       0x78 ./Generated_Code/clockMan1.o
                0x1ffe0400                clockMan1_InitConfig0
 .data.g_clockManConfigsArr
                0x1ffe0478        0x4 ./Generated_Code/clockMan1.o
                0x1ffe0478                g_clockManConfigsArr
 .data.peripheralClockConfig0
                0x1ffe047c       0x2d ./Generated_Code/clockMan1.o
                0x1ffe047c                peripheralClockConfig0
 *fill*         0x1ffe04a9        0x3 
 .data.g_pin_mux_InitConfigArr
                0x1ffe04ac       0xf0 ./Generated_Code/pin_mux.o
                0x1ffe04ac                g_pin_mux_InitConfigArr
 .data.peripheralClockConfig.7678
                0x1ffe059c       0xcd ./SDK/platform/drivers/src/clock/S32K1xx/clock_S32K1xx.o
 *fill*         0x1ffe0669        0x3 
 .data.g_lpuartIsr
                0x1ffe066c        0xc ./SDK/platform/drivers/src/lpuart/lpuart_irq.o
                0x1ffe066c                g_lpuartIsr
 .data.uxCriticalNesting
                0x1ffe0678        0x4 ./SDK/rtos/FreeRTOS_S32K/Source/portable/GCC/ARM_CM4F/port.o
 .data.xFreeBytesRemaining
                0x1ffe067c        0x4 ./SDK/rtos/FreeRTOS_S32K/Source/portable/MemMang/heap_2.o
 .data._impure_ptr
                0x1ffe0680        0x4 D:/Apps/NXP/S32DS.for.Arm/S32DS/build_tools/gcc_v6.3/gcc-6.3-arm32-eabi/arm-none-eabi/newlib/lib/thumb/v7e-m/fpv4-sp/hard\libc_nano.a(lib_a-impure.o)
                0x1ffe0680                _impure_ptr
 .data.impure_data
                0x1ffe0684       0x60 D:/Apps/NXP/S32DS.for.Arm/S32DS/build_tools/gcc_v6.3/gcc-6.3-arm32-eabi/arm-none-eabi/newlib/lib/thumb/v7e-m/fpv4-sp/hard\libc_nano.a(lib_a-impure.o)
                0x1ffe06e4                . = ALIGN (0x4)
                0x1ffe06e4                __data_end__ = .
                0x00005640                __DATA_END = (__DATA_ROM + (__data_end__ - __data_start__))
                0x00005640                __CODE_ROM = __DATA_END

.igot.plt       0x1ffe06e4        0x0 load address 0x00005640
 .igot.plt      0x1ffe06e4        0x0 d:/apps/nxp/s32ds.for.arm/s32ds/build_tools/gcc_v6.3/gcc-6.3-arm32-eabi/bin/../lib/gcc/arm-none-eabi/6.3.1/thumb/v7e-m/fpv4-sp/hard/crtbegin.o

.code           0x1ffe06e4        0x0 load address 0x00005640
                0x1ffe06e4                . = ALIGN (0x4)
                0x1ffe06e4                __CODE_RAM = .
                0x1ffe06e4                __code_start__ = .
                0x1ffe06e4                __code_ram_start__ = .
 *(.code_ram)
                0x1ffe06e4                . = ALIGN (0x4)
                0x1ffe06e4                __code_end__ = .
                0x1ffe06e4                __code_ram_end__ = .
                0x00005640                __CODE_END = (__CODE_ROM + (__code_end__ - __code_start__))
                0x00005640                __CUSTOM_ROM = __CODE_END

.customSectionBlock
                0x20000000        0x0 load address 0x00005640
                0x20000000                __customSection_start__ = .
 *(.customSection)
                0x20000000                __customSection_end__ = .
                0x00005640                __CUSTOM_END = (__CUSTOM_ROM + (__customSection_end__ - __customSection_start__))

.bss            0x20000000     0x3ee8
                0x20000000                . = ALIGN (0x4)
                0x20000000                __BSS_START = .
                0x20000000                __bss_start__ = .
 *(.bss)
 *(.bss*)
 .bss.g_clockManCallbacksArr
                0x20000000        0x4 ./Generated_Code/clockMan1.o
                0x20000000                g_clockManCallbacksArr
 .bss.lpuart1_State
                0x20000004       0x38 ./Generated_Code/lpuart1.o
                0x20000004                lpuart1_State
 .bss.g_RtcClkInFreq
                0x2000003c        0x4 ./SDK/platform/drivers/src/clock/S32K1xx/clock_S32K1xx.o
                0x2000003c                g_RtcClkInFreq
 .bss.g_TClkFreq
                0x20000040        0xc ./SDK/platform/drivers/src/clock/S32K1xx/clock_S32K1xx.o
                0x20000040                g_TClkFreq
 .bss.g_clockState
                0x2000004c       0x10 ./SDK/platform/drivers/src/clock/S32K1xx/clock_S32K1xx.o
 .bss.g_xtal0ClkFreq
                0x2000005c        0x4 ./SDK/platform/drivers/src/clock/S32K1xx/clock_S32K1xx.o
                0x2000005c                g_xtal0ClkFreq
 .bss.s_virtEdmaState
                0x20000060        0x4 ./SDK/platform/drivers/src/edma/edma_driver.o
 .bss.g_interruptDisableCount
                0x20000064        0x4 ./SDK/platform/drivers/src/interrupt/interrupt_manager.o
 .bss.s_lpuartStatePtr
                0x20000068        0xc ./SDK/platform/drivers/src/lpuart/lpuart_driver.o
 .bss.pxCurrentTCB
                0x20000074        0x4 ./SDK/rtos/FreeRTOS_S32K/Source/tasks.o
                0x20000074                pxCurrentTCB
 .bss.pxDelayedTaskList
                0x20000078        0x4 ./SDK/rtos/FreeRTOS_S32K/Source/tasks.o
 .bss.pxOverflowDelayedTaskList
                0x2000007c        0x4 ./SDK/rtos/FreeRTOS_S32K/Source/tasks.o
 .bss.pxReadyTasksLists
                0x20000080       0xa0 ./SDK/rtos/FreeRTOS_S32K/Source/tasks.o
 .bss.uxCurrentNumberOfTasks
                0x20000120        0x4 ./SDK/rtos/FreeRTOS_S32K/Source/tasks.o
 .bss.uxDeletedTasksWaitingCleanUp
                0x20000124        0x4 ./SDK/rtos/FreeRTOS_S32K/Source/tasks.o
 .bss.uxPendedTicks
                0x20000128        0x4 ./SDK/rtos/FreeRTOS_S32K/Source/tasks.o
 .bss.uxSchedulerSuspended
                0x2000012c        0x4 ./SDK/rtos/FreeRTOS_S32K/Source/tasks.o
 .bss.uxTaskNumber
                0x20000130        0x4 ./SDK/rtos/FreeRTOS_S32K/Source/tasks.o
 .bss.uxTopReadyPriority
                0x20000134        0x4 ./SDK/rtos/FreeRTOS_S32K/Source/tasks.o
 .bss.xDelayedTaskList1
                0x20000138       0x14 ./SDK/rtos/FreeRTOS_S32K/Source/tasks.o
 .bss.xDelayedTaskList2
                0x2000014c       0x14 ./SDK/rtos/FreeRTOS_S32K/Source/tasks.o
 .bss.xIdleTaskHandle
                0x20000160        0x4 ./SDK/rtos/FreeRTOS_S32K/Source/tasks.o
 .bss.xNextTaskUnblockTime
                0x20000164        0x4 ./SDK/rtos/FreeRTOS_S32K/Source/tasks.o
 .bss.xNumOfOverflows
                0x20000168        0x4 ./SDK/rtos/FreeRTOS_S32K/Source/tasks.o
 .bss.xPendingReadyList
                0x2000016c       0x14 ./SDK/rtos/FreeRTOS_S32K/Source/tasks.o
 .bss.xSchedulerRunning
                0x20000180        0x4 ./SDK/rtos/FreeRTOS_S32K/Source/tasks.o
 .bss.xSuspendedTaskList
                0x20000184       0x14 ./SDK/rtos/FreeRTOS_S32K/Source/tasks.o
 .bss.xTasksWaitingTermination
                0x20000198       0x14 ./SDK/rtos/FreeRTOS_S32K/Source/tasks.o
 .bss.xTickCount
                0x200001ac        0x4 ./SDK/rtos/FreeRTOS_S32K/Source/tasks.o
 .bss.xYieldPending
                0x200001b0        0x4 ./SDK/rtos/FreeRTOS_S32K/Source/tasks.o
 .bss.pxCurrentTimerList
                0x200001b4        0x4 ./SDK/rtos/FreeRTOS_S32K/Source/timers.o
 .bss.pxOverflowTimerList
                0x200001b8        0x4 ./SDK/rtos/FreeRTOS_S32K/Source/timers.o
 .bss.xActiveTimerList1
                0x200001bc       0x14 ./SDK/rtos/FreeRTOS_S32K/Source/timers.o
 .bss.xActiveTimerList2
                0x200001d0       0x14 ./SDK/rtos/FreeRTOS_S32K/Source/timers.o
 .bss.xLastTime.6385
                0x200001e4        0x4 ./SDK/rtos/FreeRTOS_S32K/Source/timers.o
 .bss.xTimerQueue
                0x200001e8        0x4 ./SDK/rtos/FreeRTOS_S32K/Source/timers.o
 .bss.xTimerTaskHandle
                0x200001ec        0x4 ./SDK/rtos/FreeRTOS_S32K/Source/timers.o
 .bss.ucMaxSysCallPriority
                0x200001f0        0x1 ./SDK/rtos/FreeRTOS_S32K/Source/portable/GCC/ARM_CM4F/port.o
 *fill*         0x200001f1        0x3 
 .bss.ulMaxPRIGROUPValue
                0x200001f4        0x4 ./SDK/rtos/FreeRTOS_S32K/Source/portable/GCC/ARM_CM4F/port.o
 .bss.ucHeap    0x200001f8     0x3c00 ./SDK/rtos/FreeRTOS_S32K/Source/portable/MemMang/heap_2.o
 .bss.xEnd      0x20003df8        0x8 ./SDK/rtos/FreeRTOS_S32K/Source/portable/MemMang/heap_2.o
 .bss.xHeapHasBeenInitialised.6103
                0x20003e00        0x4 ./SDK/rtos/FreeRTOS_S32K/Source/portable/MemMang/heap_2.o
 .bss.xStart    0x20003e04        0x8 ./SDK/rtos/FreeRTOS_S32K/Source/portable/MemMang/heap_2.o
 .bss.USART1_TX_BUF
                0x20003e0c       0xc8 ./SDK_Pinzhi/uart.o
                0x20003e0c                USART1_TX_BUF
 .bss.exit_code
                0x20003ed4        0x4 ./Sources/main.o
                0x20003ed4                exit_code
 .bss.__malloc_free_list
                0x20003ed8        0x4 D:/Apps/NXP/S32DS.for.Arm/S32DS/build_tools/gcc_v6.3/gcc-6.3-arm32-eabi/arm-none-eabi/newlib/lib/thumb/v7e-m/fpv4-sp/hard\libc_nano.a(lib_a-nano-mallocr.o)
                0x20003ed8                __malloc_free_list
 .bss.__malloc_sbrk_start
                0x20003edc        0x4 D:/Apps/NXP/S32DS.for.Arm/S32DS/build_tools/gcc_v6.3/gcc-6.3-arm32-eabi/arm-none-eabi/newlib/lib/thumb/v7e-m/fpv4-sp/hard\libc_nano.a(lib_a-nano-mallocr.o)
                0x20003edc                __malloc_sbrk_start
 .bss.heap_end.5365
                0x20003ee0        0x4 D:/Apps/NXP/S32DS.for.Arm/S32DS/build_tools/gcc_v6.3/gcc-6.3-arm32-eabi/arm-none-eabi/newlib/lib/thumb/v7e-m/fpv4-sp/hard\libnosys.a(sbrk.o)
 *(COMMON)
 COMMON         0x20003ee4        0x4 D:/Apps/NXP/S32DS.for.Arm/S32DS/build_tools/gcc_v6.3/gcc-6.3-arm32-eabi/arm-none-eabi/newlib/lib/thumb/v7e-m/fpv4-sp/hard\libc_nano.a(lib_a-reent.o)
                0x20003ee4                errno
                0x20003ee8                . = ALIGN (0x4)
                0x20003ee8                __bss_end__ = .
                0x20003ee8                __BSS_END = .

.heap           0x20003ee8      0x400
                0x20003ee8                . = ALIGN (0x8)
                0x20003ee8                __end__ = .
                0x20003ee8                __heap_start__ = .
                0x20003ee8                PROVIDE (end, .)
                [!provide]                PROVIDE (_end, .)
                [!provide]                PROVIDE (__end, .)
                0x20003ee8                __HeapBase = .
                0x200042e8                . = (. + HEAP_SIZE)
 *fill*         0x20003ee8      0x400 
                0x200042e8                __HeapLimit = .
                0x200042e8                __heap_limit = .
                0x200042e8                __heap_end__ = .
                0x2001f000                __StackTop = (ORIGIN (m_data_2) + LENGTH (m_data_2))
                0x2001ec00                __StackLimit = (__StackTop - STACK_SIZE)
                0x2001f000                PROVIDE (__stack, __StackTop)
                0x2001f000                __RAM_END = __StackTop

.stack          0x2001ec00      0x400
                0x2001ec00                . = ALIGN (0x8)
                0x2001ec00                __stack_start__ = .
                0x2001f000                . = (. + STACK_SIZE)
 *fill*         0x2001ec00      0x400 
                0x2001f000                __stack_end__ = .

.ARM.attributes
                0x00000000       0x30
 *(.ARM.attributes)
 .ARM.attributes
                0x00000000       0x22 d:/apps/nxp/s32ds.for.arm/s32ds/build_tools/gcc_v6.3/gcc-6.3-arm32-eabi/bin/../lib/gcc/arm-none-eabi/6.3.1/thumb/v7e-m/fpv4-sp/hard/crti.o
 .ARM.attributes
                0x00000022       0x39 ./Generated_Code/clockMan1.o
 .ARM.attributes
                0x0000005b       0x39 ./Generated_Code/lpuart1.o
 .ARM.attributes
                0x00000094       0x39 ./Generated_Code/pin_mux.o
 .ARM.attributes
                0x000000cd       0x1f ./Project_Settings/Startup_Code/startup_S32K148.o
 .ARM.attributes
                0x000000ec       0x39 ./SDK/platform/devices/S32K148/startup/system_S32K148.o
 .ARM.attributes
                0x00000125       0x39 ./SDK/platform/devices/startup.o
 .ARM.attributes
                0x0000015e       0x39 ./SDK/platform/drivers/src/clock/S32K1xx/clock_S32K1xx.o
 .ARM.attributes
                0x00000197       0x39 ./SDK/platform/drivers/src/edma/edma_driver.o
 .ARM.attributes
                0x000001d0       0x39 ./SDK/platform/drivers/src/edma/edma_hw_access.o
 .ARM.attributes
                0x00000209       0x39 ./SDK/platform/drivers/src/edma/edma_irq.o
 .ARM.attributes
                0x00000242       0x39 ./SDK/platform/drivers/src/interrupt/interrupt_manager.o
 .ARM.attributes
                0x0000027b       0x39 ./SDK/platform/drivers/src/lpuart/lpuart_driver.o
 .ARM.attributes
                0x000002b4       0x39 ./SDK/platform/drivers/src/lpuart/lpuart_hw_access.o
 .ARM.attributes
                0x000002ed       0x39 ./SDK/platform/drivers/src/lpuart/lpuart_irq.o
 .ARM.attributes
                0x00000326       0x39 ./SDK/platform/drivers/src/pins/pins_driver.o
 .ARM.attributes
                0x0000035f       0x39 ./SDK/platform/drivers/src/pins/pins_port_hw_access.o
 .ARM.attributes
                0x00000398       0x39 ./SDK/rtos/FreeRTOS_S32K/Source/list.o
 .ARM.attributes
                0x000003d1       0x39 ./SDK/rtos/FreeRTOS_S32K/Source/queue.o
 .ARM.attributes
                0x0000040a       0x39 ./SDK/rtos/FreeRTOS_S32K/Source/tasks.o
 .ARM.attributes
                0x00000443       0x39 ./SDK/rtos/FreeRTOS_S32K/Source/timers.o
 .ARM.attributes
                0x0000047c       0x39 ./SDK/rtos/FreeRTOS_S32K/Source/portable/GCC/ARM_CM4F/port.o
 .ARM.attributes
                0x000004b5       0x39 ./SDK/rtos/FreeRTOS_S32K/Source/portable/MemMang/heap_2.o
 .ARM.attributes
                0x000004ee       0x39 ./SDK/rtos/osif/osif_freertos.o
 .ARM.attributes
                0x00000527       0x39 ./SDK_Pinzhi/uart.o
 .ARM.attributes
                0x00000560       0x39 ./Sources/main.o
 .ARM.attributes
                0x00000599       0x39 ./src/MyTask.o
 .ARM.attributes
                0x000005d2       0x34 D:/Apps/NXP/S32DS.for.Arm/S32DS/build_tools/gcc_v6.3/gcc-6.3-arm32-eabi/arm-none-eabi/newlib/lib/thumb/v7e-m/fpv4-sp/hard\libc_nano.a(lib_a-impure.o)
 .ARM.attributes
                0x00000606       0x34 D:/Apps/NXP/S32DS.for.Arm/S32DS/build_tools/gcc_v6.3/gcc-6.3-arm32-eabi/arm-none-eabi/newlib/lib/thumb/v7e-m/fpv4-sp/hard\libc_nano.a(lib_a-memcpy-stub.o)
 .ARM.attributes
                0x0000063a       0x34 D:/Apps/NXP/S32DS.for.Arm/S32DS/build_tools/gcc_v6.3/gcc-6.3-arm32-eabi/arm-none-eabi/newlib/lib/thumb/v7e-m/fpv4-sp/hard\libc_nano.a(lib_a-memset.o)
 .ARM.attributes
                0x0000066e       0x1b D:/Apps/NXP/S32DS.for.Arm/S32DS/build_tools/gcc_v6.3/gcc-6.3-arm32-eabi/arm-none-eabi/newlib/lib/thumb/v7e-m/fpv4-sp/hard\libc_nano.a(lib_a-strlen.o)
 .ARM.attributes
                0x00000689       0x34 D:/Apps/NXP/S32DS.for.Arm/S32DS/build_tools/gcc_v6.3/gcc-6.3-arm32-eabi/arm-none-eabi/newlib/lib/thumb/v7e-m/fpv4-sp/hard\libc_nano.a(lib_a-vsprintf.o)
 .ARM.attributes
                0x000006bd       0x34 D:/Apps/NXP/S32DS.for.Arm/S32DS/build_tools/gcc_v6.3/gcc-6.3-arm32-eabi/arm-none-eabi/newlib/lib/thumb/v7e-m/fpv4-sp/hard\libc_nano.a(lib_a-nano-svfprintf.o)
 .ARM.attributes
                0x000006f1       0x34 D:/Apps/NXP/S32DS.for.Arm/S32DS/build_tools/gcc_v6.3/gcc-6.3-arm32-eabi/arm-none-eabi/newlib/lib/thumb/v7e-m/fpv4-sp/hard\libc_nano.a(lib_a-nano-vfprintf_i.o)
 .ARM.attributes
                0x00000725       0x20 D:/Apps/NXP/S32DS.for.Arm/S32DS/build_tools/gcc_v6.3/gcc-6.3-arm32-eabi/arm-none-eabi/newlib/lib/thumb/v7e-m/fpv4-sp/hard\libc_nano.a(lib_a-memchr.o)
 .ARM.attributes
                0x00000745       0x34 D:/Apps/NXP/S32DS.for.Arm/S32DS/build_tools/gcc_v6.3/gcc-6.3-arm32-eabi/arm-none-eabi/newlib/lib/thumb/v7e-m/fpv4-sp/hard\libc_nano.a(lib_a-memmove.o)
 .ARM.attributes
                0x00000779       0x34 D:/Apps/NXP/S32DS.for.Arm/S32DS/build_tools/gcc_v6.3/gcc-6.3-arm32-eabi/arm-none-eabi/newlib/lib/thumb/v7e-m/fpv4-sp/hard\libc_nano.a(lib_a-nano-freer.o)
 .ARM.attributes
                0x000007ad       0x34 D:/Apps/NXP/S32DS.for.Arm/S32DS/build_tools/gcc_v6.3/gcc-6.3-arm32-eabi/arm-none-eabi/newlib/lib/thumb/v7e-m/fpv4-sp/hard\libc_nano.a(lib_a-nano-mallocr.o)
 .ARM.attributes
                0x000007e1       0x34 D:/Apps/NXP/S32DS.for.Arm/S32DS/build_tools/gcc_v6.3/gcc-6.3-arm32-eabi/arm-none-eabi/newlib/lib/thumb/v7e-m/fpv4-sp/hard\libc_nano.a(lib_a-nano-reallocr.o)
 .ARM.attributes
                0x00000815       0x34 D:/Apps/NXP/S32DS.for.Arm/S32DS/build_tools/gcc_v6.3/gcc-6.3-arm32-eabi/arm-none-eabi/newlib/lib/thumb/v7e-m/fpv4-sp/hard\libc_nano.a(lib_a-sbrkr.o)
 .ARM.attributes
                0x00000849       0x34 D:/Apps/NXP/S32DS.for.Arm/S32DS/build_tools/gcc_v6.3/gcc-6.3-arm32-eabi/arm-none-eabi/newlib/lib/thumb/v7e-m/fpv4-sp/hard\libc_nano.a(lib_a-mlock.o)
 .ARM.attributes
                0x0000087d       0x34 D:/Apps/NXP/S32DS.for.Arm/S32DS/build_tools/gcc_v6.3/gcc-6.3-arm32-eabi/arm-none-eabi/newlib/lib/thumb/v7e-m/fpv4-sp/hard\libc_nano.a(lib_a-nano-msizer.o)
 .ARM.attributes
                0x000008b1       0x34 D:/Apps/NXP/S32DS.for.Arm/S32DS/build_tools/gcc_v6.3/gcc-6.3-arm32-eabi/arm-none-eabi/newlib/lib/thumb/v7e-m/fpv4-sp/hard\libc_nano.a(lib_a-reent.o)
 .ARM.attributes
                0x000008e5       0x34 D:/Apps/NXP/S32DS.for.Arm/S32DS/build_tools/gcc_v6.3/gcc-6.3-arm32-eabi/arm-none-eabi/newlib/lib/thumb/v7e-m/fpv4-sp/hard\libnosys.a(sbrk.o)
                0x00000001                ASSERT ((__StackLimit >= __HeapLimit), region m_data_2 overflowed with stack and heap)
OUTPUT(LX_Play_S32K148.elf elf32-littlearm)

.debug_info     0x00000000    0x253ae
 .debug_info    0x00000000     0x1d4d ./Generated_Code/clockMan1.o
 .debug_info    0x00001d4d     0x1c25 ./Generated_Code/lpuart1.o
 .debug_info    0x00003972      0x406 ./Generated_Code/pin_mux.o
 .debug_info    0x00003d78       0x26 ./Project_Settings/Startup_Code/startup_S32K148.o
 .debug_info    0x00003d9e      0x65f ./SDK/platform/devices/S32K148/startup/system_S32K148.o
 .debug_info    0x000043fd      0x2ad ./SDK/platform/devices/startup.o
 .debug_info    0x000046aa     0x62f8 ./SDK/platform/drivers/src/clock/S32K1xx/clock_S32K1xx.o
 .debug_info    0x0000a9a2     0x389d ./SDK/platform/drivers/src/edma/edma_driver.o
 .debug_info    0x0000e23f      0x960 ./SDK/platform/drivers/src/edma/edma_hw_access.o
 .debug_info    0x0000eb9f      0x6db ./SDK/platform/drivers/src/edma/edma_irq.o
 .debug_info    0x0000f27a      0x9a6 ./SDK/platform/drivers/src/interrupt/interrupt_manager.o
 .debug_info    0x0000fc20     0x314d ./SDK/platform/drivers/src/lpuart/lpuart_driver.o
 .debug_info    0x00012d6d      0x96c ./SDK/platform/drivers/src/lpuart/lpuart_hw_access.o
 .debug_info    0x000136d9      0x127 ./SDK/platform/drivers/src/lpuart/lpuart_irq.o
 .debug_info    0x00013800     0x13d8 ./SDK/platform/drivers/src/pins/pins_driver.o
 .debug_info    0x00014bd8      0x8a8 ./SDK/platform/drivers/src/pins/pins_port_hw_access.o
 .debug_info    0x00015480      0xaa8 ./SDK/rtos/FreeRTOS_S32K/Source/list.o
 .debug_info    0x00015f28     0x2633 ./SDK/rtos/FreeRTOS_S32K/Source/queue.o
 .debug_info    0x0001855b     0x2fbd ./SDK/rtos/FreeRTOS_S32K/Source/tasks.o
 .debug_info    0x0001b518     0x1a72 ./SDK/rtos/FreeRTOS_S32K/Source/timers.o
 .debug_info    0x0001cf8a      0x560 ./SDK/rtos/FreeRTOS_S32K/Source/portable/GCC/ARM_CM4F/port.o
 .debug_info    0x0001d4ea      0xb4a ./SDK/rtos/FreeRTOS_S32K/Source/portable/MemMang/heap_2.o
 .debug_info    0x0001e034      0xa92 ./SDK/rtos/osif/osif_freertos.o
 .debug_info    0x0001eac6     0x2543 ./SDK_Pinzhi/uart.o
 .debug_info    0x00021009     0x1d0f ./Sources/main.o
 .debug_info    0x00022d18     0x2696 ./src/MyTask.o

.debug_abbrev   0x00000000     0x37fd
 .debug_abbrev  0x00000000      0x143 ./Generated_Code/clockMan1.o
 .debug_abbrev  0x00000143      0x136 ./Generated_Code/lpuart1.o
 .debug_abbrev  0x00000279       0xca ./Generated_Code/pin_mux.o
 .debug_abbrev  0x00000343       0x14 ./Project_Settings/Startup_Code/startup_S32K148.o
 .debug_abbrev  0x00000357      0x140 ./SDK/platform/devices/S32K148/startup/system_S32K148.o
 .debug_abbrev  0x00000497       0xe0 ./SDK/platform/devices/startup.o
 .debug_abbrev  0x00000577      0x3f2 ./SDK/platform/drivers/src/clock/S32K1xx/clock_S32K1xx.o
 .debug_abbrev  0x00000969      0x422 ./SDK/platform/drivers/src/edma/edma_driver.o
 .debug_abbrev  0x00000d8b      0x205 ./SDK/platform/drivers/src/edma/edma_hw_access.o
 .debug_abbrev  0x00000f90      0x1b8 ./SDK/platform/drivers/src/edma/edma_irq.o
 .debug_abbrev  0x00001148      0x1ce ./SDK/platform/drivers/src/interrupt/interrupt_manager.o
 .debug_abbrev  0x00001316      0x3a4 ./SDK/platform/drivers/src/lpuart/lpuart_driver.o
 .debug_abbrev  0x000016ba      0x1d0 ./SDK/platform/drivers/src/lpuart/lpuart_hw_access.o
 .debug_abbrev  0x0000188a       0xb9 ./SDK/platform/drivers/src/lpuart/lpuart_irq.o
 .debug_abbrev  0x00001943      0x2db ./SDK/platform/drivers/src/pins/pins_driver.o
 .debug_abbrev  0x00001c1e      0x1f5 ./SDK/platform/drivers/src/pins/pins_port_hw_access.o
 .debug_abbrev  0x00001e13      0x1d9 ./SDK/rtos/FreeRTOS_S32K/Source/list.o
 .debug_abbrev  0x00001fec      0x380 ./SDK/rtos/FreeRTOS_S32K/Source/queue.o
 .debug_abbrev  0x0000236c      0x3c0 ./SDK/rtos/FreeRTOS_S32K/Source/tasks.o
 .debug_abbrev  0x0000272c      0x386 ./SDK/rtos/FreeRTOS_S32K/Source/timers.o
 .debug_abbrev  0x00002ab2      0x229 ./SDK/rtos/FreeRTOS_S32K/Source/portable/GCC/ARM_CM4F/port.o
 .debug_abbrev  0x00002cdb      0x27b ./SDK/rtos/FreeRTOS_S32K/Source/portable/MemMang/heap_2.o
 .debug_abbrev  0x00002f56      0x249 ./SDK/rtos/osif/osif_freertos.o
 .debug_abbrev  0x0000319f      0x252 ./SDK_Pinzhi/uart.o
 .debug_abbrev  0x000033f1      0x1b8 ./Sources/main.o
 .debug_abbrev  0x000035a9      0x254 ./src/MyTask.o

.debug_aranges  0x00000000      0xca8
 .debug_aranges
                0x00000000       0x18 ./Generated_Code/clockMan1.o
 .debug_aranges
                0x00000018       0x18 ./Generated_Code/lpuart1.o
 .debug_aranges
                0x00000030       0x18 ./Generated_Code/pin_mux.o
 .debug_aranges
                0x00000048       0x20 ./Project_Settings/Startup_Code/startup_S32K148.o
 .debug_aranges
                0x00000068       0x30 ./SDK/platform/devices/S32K148/startup/system_S32K148.o
 .debug_aranges
                0x00000098       0x20 ./SDK/platform/devices/startup.o
 .debug_aranges
                0x000000b8      0x130 ./SDK/platform/drivers/src/clock/S32K1xx/clock_S32K1xx.o
 .debug_aranges
                0x000001e8      0x138 ./SDK/platform/drivers/src/edma/edma_driver.o
 .debug_aranges
                0x00000320       0x88 ./SDK/platform/drivers/src/edma/edma_hw_access.o
 .debug_aranges
                0x000003a8       0xa0 ./SDK/platform/drivers/src/edma/edma_irq.o
 .debug_aranges
                0x00000448       0x70 ./SDK/platform/drivers/src/interrupt/interrupt_manager.o
 .debug_aranges
                0x000004b8      0x118 ./SDK/platform/drivers/src/lpuart/lpuart_driver.o
 .debug_aranges
                0x000005d0       0x78 ./SDK/platform/drivers/src/lpuart/lpuart_hw_access.o
 .debug_aranges
                0x00000648       0x30 ./SDK/platform/drivers/src/lpuart/lpuart_irq.o
 .debug_aranges
                0x00000678       0xe0 ./SDK/platform/drivers/src/pins/pins_driver.o
 .debug_aranges
                0x00000758       0x40 ./SDK/platform/drivers/src/pins/pins_port_hw_access.o
 .debug_aranges
                0x00000798       0x40 ./SDK/rtos/FreeRTOS_S32K/Source/list.o
 .debug_aranges
                0x000007d8       0xf0 ./SDK/rtos/FreeRTOS_S32K/Source/queue.o
 .debug_aranges
                0x000008c8      0x1a8 ./SDK/rtos/FreeRTOS_S32K/Source/tasks.o
 .debug_aranges
                0x00000a70       0x98 ./SDK/rtos/FreeRTOS_S32K/Source/timers.o
 .debug_aranges
                0x00000b08       0x80 ./SDK/rtos/FreeRTOS_S32K/Source/portable/GCC/ARM_CM4F/port.o
 .debug_aranges
                0x00000b88       0x38 ./SDK/rtos/FreeRTOS_S32K/Source/portable/MemMang/heap_2.o
 .debug_aranges
                0x00000bc0       0x68 ./SDK/rtos/osif/osif_freertos.o
 .debug_aranges
                0x00000c28       0x20 ./SDK_Pinzhi/uart.o
 .debug_aranges
                0x00000c48       0x20 ./Sources/main.o
 .debug_aranges
                0x00000c68       0x40 ./src/MyTask.o

.debug_line     0x00000000     0x800f
 .debug_line    0x00000000      0x403 ./Generated_Code/clockMan1.o
 .debug_line    0x00000403      0x401 ./Generated_Code/lpuart1.o
 .debug_line    0x00000804      0x1dc ./Generated_Code/pin_mux.o
 .debug_line    0x000009e0       0x84 ./Project_Settings/Startup_Code/startup_S32K148.o
 .debug_line    0x00000a64      0x204 ./SDK/platform/devices/S32K148/startup/system_S32K148.o
 .debug_line    0x00000c68      0x17f ./SDK/platform/devices/startup.o
 .debug_line    0x00000de7     0x11f6 ./SDK/platform/drivers/src/clock/S32K1xx/clock_S32K1xx.o
 .debug_line    0x00001fdd      0x8a3 ./SDK/platform/drivers/src/edma/edma_driver.o
 .debug_line    0x00002880      0x371 ./SDK/platform/drivers/src/edma/edma_hw_access.o
 .debug_line    0x00002bf1      0x2e5 ./SDK/platform/drivers/src/edma/edma_irq.o
 .debug_line    0x00002ed6      0x30b ./SDK/platform/drivers/src/interrupt/interrupt_manager.o
 .debug_line    0x000031e1      0x9ed ./SDK/platform/drivers/src/lpuart/lpuart_driver.o
 .debug_line    0x00003bce      0x3c6 ./SDK/platform/drivers/src/lpuart/lpuart_hw_access.o
 .debug_line    0x00003f94       0xe7 ./SDK/platform/drivers/src/lpuart/lpuart_irq.o
 .debug_line    0x0000407b      0x4bd ./SDK/platform/drivers/src/pins/pins_driver.o
 .debug_line    0x00004538      0x2ed ./SDK/platform/drivers/src/pins/pins_port_hw_access.o
 .debug_line    0x00004825      0x30c ./SDK/rtos/FreeRTOS_S32K/Source/list.o
 .debug_line    0x00004b31      0x8c5 ./SDK/rtos/FreeRTOS_S32K/Source/queue.o
 .debug_line    0x000053f6      0xcb3 ./SDK/rtos/FreeRTOS_S32K/Source/tasks.o
 .debug_line    0x000060a9      0x546 ./SDK/rtos/FreeRTOS_S32K/Source/timers.o
 .debug_line    0x000065ef      0x3af ./SDK/rtos/FreeRTOS_S32K/Source/portable/GCC/ARM_CM4F/port.o
 .debug_line    0x0000699e      0x339 ./SDK/rtos/FreeRTOS_S32K/Source/portable/MemMang/heap_2.o
 .debug_line    0x00006cd7      0x3b7 ./SDK/rtos/osif/osif_freertos.o
 .debug_line    0x0000708e      0x573 ./SDK_Pinzhi/uart.o
 .debug_line    0x00007601      0x482 ./Sources/main.o
 .debug_line    0x00007a83      0x58c ./src/MyTask.o

.debug_str      0x00000000     0xa1ae
 .debug_str     0x00000000     0x339e ./Generated_Code/clockMan1.o
                               0x344f (size before relaxing)
 .debug_str     0x0000339e       0x1c ./Generated_Code/lpuart1.o
                               0x2fb5 (size before relaxing)
 .debug_str     0x000033ba       0x1c ./Generated_Code/pin_mux.o
                                0x5eb (size before relaxing)
 .debug_str     0x000033d6       0x3f ./Project_Settings/Startup_Code/startup_S32K148.o
                                 0x72 (size before relaxing)
 .debug_str     0x00003415      0x217 ./SDK/platform/devices/S32K148/startup/system_S32K148.o
                                0x461 (size before relaxing)
 .debug_str     0x0000362c      0x20c ./SDK/platform/devices/startup.o
                                0x41b (size before relaxing)
 .debug_str     0x00003838     0x17bb ./SDK/platform/drivers/src/clock/S32K1xx/clock_S32K1xx.o
                               0x3d04 (size before relaxing)
 .debug_str     0x00004ff3     0x19e2 ./SDK/platform/drivers/src/edma/edma_driver.o
                               0x2db5 (size before relaxing)
 .debug_str     0x000069d5       0x46 ./SDK/platform/drivers/src/edma/edma_hw_access.o
                                0x7dd (size before relaxing)
 .debug_str     0x00006a1b      0x162 ./SDK/platform/drivers/src/edma/edma_irq.o
                                0x4f2 (size before relaxing)
 .debug_str     0x00006b7d      0x156 ./SDK/platform/drivers/src/interrupt/interrupt_manager.o
                                0xd0f (size before relaxing)
 .debug_str     0x00006cd3      0xaf0 ./SDK/platform/drivers/src/lpuart/lpuart_driver.o
                               0x289b (size before relaxing)
 .debug_str     0x000077c3       0xc4 ./SDK/platform/drivers/src/lpuart/lpuart_hw_access.o
                               0x1070 (size before relaxing)
 .debug_str     0x00007887       0x69 ./SDK/platform/drivers/src/lpuart/lpuart_irq.o
                                0x27a (size before relaxing)
 .debug_str     0x000078f0      0x5e6 ./SDK/platform/drivers/src/pins/pins_driver.o
                               0x1437 (size before relaxing)
 .debug_str     0x00007ed6      0x19d ./SDK/platform/drivers/src/pins/pins_port_hw_access.o
                                0x91f (size before relaxing)
 .debug_str     0x00008073      0x540 ./SDK/rtos/FreeRTOS_S32K/Source/list.o
                                0x785 (size before relaxing)
 .debug_str     0x000085b3      0x779 ./SDK/rtos/FreeRTOS_S32K/Source/queue.o
                                0xeca (size before relaxing)
 .debug_str     0x00008d2c      0xab0 ./SDK/rtos/FreeRTOS_S32K/Source/tasks.o
                               0x14d9 (size before relaxing)
 .debug_str     0x000097dc      0x4d7 ./SDK/rtos/FreeRTOS_S32K/Source/timers.o
                                0xdb6 (size before relaxing)
 .debug_str     0x00009cb3      0x186 ./SDK/rtos/FreeRTOS_S32K/Source/portable/GCC/ARM_CM4F/port.o
                                0x4d5 (size before relaxing)
 .debug_str     0x00009e39      0x14f ./SDK/rtos/FreeRTOS_S32K/Source/portable/MemMang/heap_2.o
                                0x7ef (size before relaxing)
 .debug_str     0x00009f88      0x146 ./SDK/rtos/osif/osif_freertos.o
                                0xddd (size before relaxing)
 .debug_str     0x0000a0ce       0x54 ./SDK_Pinzhi/uart.o
                               0x345d (size before relaxing)
 .debug_str     0x0000a122       0x37 ./Sources/main.o
                               0x3025 (size before relaxing)
 .debug_str     0x0000a159       0x55 ./src/MyTask.o
                               0x348f (size before relaxing)

.comment        0x00000000       0xa0
 .comment       0x00000000       0xa0 ./Generated_Code/clockMan1.o
                                 0xa1 (size before relaxing)
 .comment       0x000000a0       0xa1 ./Generated_Code/lpuart1.o
 .comment       0x000000a0       0xa1 ./Generated_Code/pin_mux.o
 .comment       0x000000a0       0xa1 ./SDK/platform/devices/S32K148/startup/system_S32K148.o
 .comment       0x000000a0       0xa1 ./SDK/platform/devices/startup.o
 .comment       0x000000a0       0xa1 ./SDK/platform/drivers/src/clock/S32K1xx/clock_S32K1xx.o
 .comment       0x000000a0       0xa1 ./SDK/platform/drivers/src/edma/edma_driver.o
 .comment       0x000000a0       0xa1 ./SDK/platform/drivers/src/edma/edma_hw_access.o
 .comment       0x000000a0       0xa1 ./SDK/platform/drivers/src/edma/edma_irq.o
 .comment       0x000000a0       0xa1 ./SDK/platform/drivers/src/interrupt/interrupt_manager.o
 .comment       0x000000a0       0xa1 ./SDK/platform/drivers/src/lpuart/lpuart_driver.o
 .comment       0x000000a0       0xa1 ./SDK/platform/drivers/src/lpuart/lpuart_hw_access.o
 .comment       0x000000a0       0xa1 ./SDK/platform/drivers/src/lpuart/lpuart_irq.o
 .comment       0x000000a0       0xa1 ./SDK/platform/drivers/src/pins/pins_driver.o
 .comment       0x000000a0       0xa1 ./SDK/platform/drivers/src/pins/pins_port_hw_access.o
 .comment       0x000000a0       0xa1 ./SDK/rtos/FreeRTOS_S32K/Source/list.o
 .comment       0x000000a0       0xa1 ./SDK/rtos/FreeRTOS_S32K/Source/queue.o
 .comment       0x000000a0       0xa1 ./SDK/rtos/FreeRTOS_S32K/Source/tasks.o
 .comment       0x000000a0       0xa1 ./SDK/rtos/FreeRTOS_S32K/Source/timers.o
 .comment       0x000000a0       0xa1 ./SDK/rtos/FreeRTOS_S32K/Source/portable/GCC/ARM_CM4F/port.o
 .comment       0x000000a0       0xa1 ./SDK/rtos/FreeRTOS_S32K/Source/portable/MemMang/heap_2.o
 .comment       0x000000a0       0xa1 ./SDK/rtos/osif/osif_freertos.o
 .comment       0x000000a0       0xa1 ./SDK_Pinzhi/uart.o
 .comment       0x000000a0       0xa1 ./Sources/main.o
 .comment       0x000000a0       0xa1 ./src/MyTask.o

.debug_loc      0x00000000    0x100af
 .debug_loc     0x00000000       0xeb ./SDK/platform/devices/S32K148/startup/system_S32K148.o
 .debug_loc     0x000000eb       0xec ./SDK/platform/devices/startup.o
 .debug_loc     0x000001d7     0x54cf ./SDK/platform/drivers/src/clock/S32K1xx/clock_S32K1xx.o
 .debug_loc     0x000056a6     0x283c ./SDK/platform/drivers/src/edma/edma_driver.o
 .debug_loc     0x00007ee2      0x6fa ./SDK/platform/drivers/src/edma/edma_hw_access.o
 .debug_loc     0x000085dc       0x50 ./SDK/platform/drivers/src/edma/edma_irq.o
 .debug_loc     0x0000862c      0x29b ./SDK/platform/drivers/src/interrupt/interrupt_manager.o
 .debug_loc     0x000088c7     0x2126 ./SDK/platform/drivers/src/lpuart/lpuart_driver.o
 .debug_loc     0x0000a9ed      0x712 ./SDK/platform/drivers/src/lpuart/lpuart_hw_access.o
 .debug_loc     0x0000b0ff      0x77f ./SDK/platform/drivers/src/pins/pins_driver.o
 .debug_loc     0x0000b87e      0x56a ./SDK/platform/drivers/src/pins/pins_port_hw_access.o
 .debug_loc     0x0000bde8       0x65 ./SDK/rtos/FreeRTOS_S32K/Source/list.o
 .debug_loc     0x0000be4d     0x12e6 ./SDK/rtos/FreeRTOS_S32K/Source/queue.o
 .debug_loc     0x0000d133     0x1c19 ./SDK/rtos/FreeRTOS_S32K/Source/tasks.o
 .debug_loc     0x0000ed4c      0xa98 ./SDK/rtos/FreeRTOS_S32K/Source/timers.o
 .debug_loc     0x0000f7e4       0xdc ./SDK/rtos/FreeRTOS_S32K/Source/portable/GCC/ARM_CM4F/port.o
 .debug_loc     0x0000f8c0      0x255 ./SDK/rtos/FreeRTOS_S32K/Source/portable/MemMang/heap_2.o
 .debug_loc     0x0000fb15      0x516 ./SDK/rtos/osif/osif_freertos.o
 .debug_loc     0x0001002b       0x84 ./src/MyTask.o

.debug_ranges   0x00000000     0x10f0
 .debug_ranges  0x00000000       0x20 ./SDK/platform/devices/S32K148/startup/system_S32K148.o
 .debug_ranges  0x00000020       0x10 ./SDK/platform/devices/startup.o
 .debug_ranges  0x00000030      0x3b8 ./SDK/platform/drivers/src/clock/S32K1xx/clock_S32K1xx.o
 .debug_ranges  0x000003e8      0x158 ./SDK/platform/drivers/src/edma/edma_driver.o
 .debug_ranges  0x00000540       0x90 ./SDK/platform/drivers/src/edma/edma_hw_access.o
 .debug_ranges  0x000005d0       0x90 ./SDK/platform/drivers/src/edma/edma_irq.o
 .debug_ranges  0x00000660       0x98 ./SDK/platform/drivers/src/interrupt/interrupt_manager.o
 .debug_ranges  0x000006f8      0x150 ./SDK/platform/drivers/src/lpuart/lpuart_driver.o
 .debug_ranges  0x00000848       0x68 ./SDK/platform/drivers/src/lpuart/lpuart_hw_access.o
 .debug_ranges  0x000008b0       0x20 ./SDK/platform/drivers/src/lpuart/lpuart_irq.o
 .debug_ranges  0x000008d0       0xd0 ./SDK/platform/drivers/src/pins/pins_driver.o
 .debug_ranges  0x000009a0       0x30 ./SDK/platform/drivers/src/pins/pins_port_hw_access.o
 .debug_ranges  0x000009d0       0x30 ./SDK/rtos/FreeRTOS_S32K/Source/list.o
 .debug_ranges  0x00000a00      0x248 ./SDK/rtos/FreeRTOS_S32K/Source/queue.o
 .debug_ranges  0x00000c48      0x260 ./SDK/rtos/FreeRTOS_S32K/Source/tasks.o
 .debug_ranges  0x00000ea8       0xd8 ./SDK/rtos/FreeRTOS_S32K/Source/timers.o
 .debug_ranges  0x00000f80       0x70 ./SDK/rtos/FreeRTOS_S32K/Source/portable/GCC/ARM_CM4F/port.o
 .debug_ranges  0x00000ff0       0x28 ./SDK/rtos/FreeRTOS_S32K/Source/portable/MemMang/heap_2.o
 .debug_ranges  0x00001018       0x88 ./SDK/rtos/osif/osif_freertos.o
 .debug_ranges  0x000010a0       0x10 ./SDK_Pinzhi/uart.o
 .debug_ranges  0x000010b0       0x10 ./Sources/main.o
 .debug_ranges  0x000010c0       0x30 ./src/MyTask.o

.debug_frame    0x00000000     0x2460
 .debug_frame   0x00000000       0x40 ./SDK/platform/devices/S32K148/startup/system_S32K148.o
 .debug_frame   0x00000040       0x2c ./SDK/platform/devices/startup.o
 .debug_frame   0x0000006c      0x3ac ./SDK/platform/drivers/src/clock/S32K1xx/clock_S32K1xx.o
 .debug_frame   0x00000418      0x388 ./SDK/platform/drivers/src/edma/edma_driver.o
 .debug_frame   0x000007a0      0x144 ./SDK/platform/drivers/src/edma/edma_hw_access.o
 .debug_frame   0x000008e4      0x1ac ./SDK/platform/drivers/src/edma/edma_irq.o
 .debug_frame   0x00000a90       0xd8 ./SDK/platform/drivers/src/interrupt/interrupt_manager.o
 .debug_frame   0x00000b68      0x394 ./SDK/platform/drivers/src/lpuart/lpuart_driver.o
 .debug_frame   0x00000efc       0xf4 ./SDK/platform/drivers/src/lpuart/lpuart_hw_access.o
 .debug_frame   0x00000ff0       0x58 ./SDK/platform/drivers/src/lpuart/lpuart_irq.o
 .debug_frame   0x00001048      0x1e4 ./SDK/platform/drivers/src/pins/pins_driver.o
 .debug_frame   0x0000122c       0x98 ./SDK/platform/drivers/src/pins/pins_port_hw_access.o
 .debug_frame   0x000012c4       0x6c ./SDK/rtos/FreeRTOS_S32K/Source/list.o
 .debug_frame   0x00001330      0x338 ./SDK/rtos/FreeRTOS_S32K/Source/queue.o
 .debug_frame   0x00001668      0x550 ./SDK/rtos/FreeRTOS_S32K/Source/tasks.o
 .debug_frame   0x00001bb8      0x1d0 ./SDK/rtos/FreeRTOS_S32K/Source/timers.o
 .debug_frame   0x00001d88      0x100 ./SDK/rtos/FreeRTOS_S32K/Source/portable/GCC/ARM_CM4F/port.o
 .debug_frame   0x00001e88       0x70 ./SDK/rtos/FreeRTOS_S32K/Source/portable/MemMang/heap_2.o
 .debug_frame   0x00001ef8      0x134 ./SDK/rtos/osif/osif_freertos.o
 .debug_frame   0x0000202c       0x44 ./SDK_Pinzhi/uart.o
 .debug_frame   0x00002070       0x28 ./Sources/main.o
 .debug_frame   0x00002098       0x90 ./src/MyTask.o
 .debug_frame   0x00002128       0x28 D:/Apps/NXP/S32DS.for.Arm/S32DS/build_tools/gcc_v6.3/gcc-6.3-arm32-eabi/arm-none-eabi/newlib/lib/thumb/v7e-m/fpv4-sp/hard\libc_nano.a(lib_a-memcpy-stub.o)
 .debug_frame   0x00002150       0x20 D:/Apps/NXP/S32DS.for.Arm/S32DS/build_tools/gcc_v6.3/gcc-6.3-arm32-eabi/arm-none-eabi/newlib/lib/thumb/v7e-m/fpv4-sp/hard\libc_nano.a(lib_a-memset.o)
 .debug_frame   0x00002170       0x40 D:/Apps/NXP/S32DS.for.Arm/S32DS/build_tools/gcc_v6.3/gcc-6.3-arm32-eabi/arm-none-eabi/newlib/lib/thumb/v7e-m/fpv4-sp/hard\libc_nano.a(lib_a-vsprintf.o)
 .debug_frame   0x000021b0       0x90 D:/Apps/NXP/S32DS.for.Arm/S32DS/build_tools/gcc_v6.3/gcc-6.3-arm32-eabi/arm-none-eabi/newlib/lib/thumb/v7e-m/fpv4-sp/hard\libc_nano.a(lib_a-nano-svfprintf.o)
 .debug_frame   0x00002240       0x60 D:/Apps/NXP/S32DS.for.Arm/S32DS/build_tools/gcc_v6.3/gcc-6.3-arm32-eabi/arm-none-eabi/newlib/lib/thumb/v7e-m/fpv4-sp/hard\libc_nano.a(lib_a-nano-vfprintf_i.o)
 .debug_frame   0x000022a0       0x28 D:/Apps/NXP/S32DS.for.Arm/S32DS/build_tools/gcc_v6.3/gcc-6.3-arm32-eabi/arm-none-eabi/newlib/lib/thumb/v7e-m/fpv4-sp/hard\libc_nano.a(lib_a-memmove.o)
 .debug_frame   0x000022c8       0x38 D:/Apps/NXP/S32DS.for.Arm/S32DS/build_tools/gcc_v6.3/gcc-6.3-arm32-eabi/arm-none-eabi/newlib/lib/thumb/v7e-m/fpv4-sp/hard\libc_nano.a(lib_a-nano-freer.o)
 .debug_frame   0x00002300       0x2c D:/Apps/NXP/S32DS.for.Arm/S32DS/build_tools/gcc_v6.3/gcc-6.3-arm32-eabi/arm-none-eabi/newlib/lib/thumb/v7e-m/fpv4-sp/hard\libc_nano.a(lib_a-nano-mallocr.o)
 .debug_frame   0x0000232c       0x3c D:/Apps/NXP/S32DS.for.Arm/S32DS/build_tools/gcc_v6.3/gcc-6.3-arm32-eabi/arm-none-eabi/newlib/lib/thumb/v7e-m/fpv4-sp/hard\libc_nano.a(lib_a-nano-reallocr.o)
 .debug_frame   0x00002368       0x2c D:/Apps/NXP/S32DS.for.Arm/S32DS/build_tools/gcc_v6.3/gcc-6.3-arm32-eabi/arm-none-eabi/newlib/lib/thumb/v7e-m/fpv4-sp/hard\libc_nano.a(lib_a-sbrkr.o)
 .debug_frame   0x00002394       0x30 D:/Apps/NXP/S32DS.for.Arm/S32DS/build_tools/gcc_v6.3/gcc-6.3-arm32-eabi/arm-none-eabi/newlib/lib/thumb/v7e-m/fpv4-sp/hard\libc_nano.a(lib_a-mlock.o)
 .debug_frame   0x000023c4       0x20 D:/Apps/NXP/S32DS.for.Arm/S32DS/build_tools/gcc_v6.3/gcc-6.3-arm32-eabi/arm-none-eabi/newlib/lib/thumb/v7e-m/fpv4-sp/hard\libc_nano.a(lib_a-nano-msizer.o)
 .debug_frame   0x000023e4       0x5c D:/Apps/NXP/S32DS.for.Arm/S32DS/build_tools/gcc_v6.3/gcc-6.3-arm32-eabi/arm-none-eabi/newlib/lib/thumb/v7e-m/fpv4-sp/hard\libc_nano.a(lib_a-reent.o)
 .debug_frame   0x00002440       0x20 D:/Apps/NXP/S32DS.for.Arm/S32DS/build_tools/gcc_v6.3/gcc-6.3-arm32-eabi/arm-none-eabi/newlib/lib/thumb/v7e-m/fpv4-sp/hard\libnosys.a(sbrk.o)
